Archive member included because of file (symbol)

/Users/domenicoamelino/dev/gcc-arm-none-eabi-4_8-2014q1/bin/../lib/gcc/arm-none-eabi/4.8.3/armv7-m/libgcc.a(_arm_addsubdf3.o)
                              ./src/iNEMO_AHRS_v121/src/iNEMO_AHRS.o (__aeabi_dadd)
/Users/domenicoamelino/dev/gcc-arm-none-eabi-4_8-2014q1/bin/../lib/gcc/arm-none-eabi/4.8.3/armv7-m/libgcc.a(_arm_muldivdf3.o)
                              ./src/iNEMO_AHRS_v121/src/iNEMO_AHRS.o (__aeabi_dmul)
/Users/domenicoamelino/dev/gcc-arm-none-eabi-4_8-2014q1/bin/../lib/gcc/arm-none-eabi/4.8.3/armv7-m/libgcc.a(_arm_fixunsdfsi.o)
                              ./src/LSM303DLHC/src/LSM303DLHC.o (__aeabi_d2uiz)
/Users/domenicoamelino/dev/gcc-arm-none-eabi-4_8-2014q1/bin/../lib/gcc/arm-none-eabi/4.8.3/armv7-m/libgcc.a(_arm_truncdfsf2.o)
                              ./src/iNEMO_AHRS_v121/src/iNEMO_AHRS.o (__aeabi_d2f)
/Users/domenicoamelino/dev/gcc-arm-none-eabi-4_8-2014q1/bin/../lib/gcc/arm-none-eabi/4.8.3/armv7-m/libgcc.a(_arm_addsubsf3.o)
                              ./src/iNEMO_AHRS_v121/src/iNEMO_AHRS.o (__aeabi_fsub)
/Users/domenicoamelino/dev/gcc-arm-none-eabi-4_8-2014q1/bin/../lib/gcc/arm-none-eabi/4.8.3/armv7-m/libgcc.a(_arm_muldivsf3.o)
                              ./src/iNEMO_AHRS_v121/src/iNEMO_AHRS.o (__aeabi_fmul)
/Users/domenicoamelino/dev/gcc-arm-none-eabi-4_8-2014q1/bin/../lib/gcc/arm-none-eabi/4.8.3/armv7-m/libgcc.a(_arm_cmpsf2.o)
                              ./src/iNEMO_AHRS_v121/src/iNEMO_math.o (__aeabi_fcmpeq)
/Users/domenicoamelino/dev/gcc-arm-none-eabi-4_8-2014q1/bin/../lib/gcc/arm-none-eabi/4.8.3/armv7-m/libgcc.a(_arm_fixsfsi.o)
                              ./src/L3Gx/src/L3Gx.o (__aeabi_f2iz)
/Users/domenicoamelino/dev/gcc-arm-none-eabi-4_8-2014q1/bin/../lib/gcc/arm-none-eabi/4.8.3/armv7-m/libgcc.a(_arm_fixunssfsi.o)
                              ./src/LSM303DLHC/src/LSM303DLHC.o (__aeabi_f2uiz)
/Users/domenicoamelino/dev/gcc-arm-none-eabi-4_8-2014q1/bin/../lib/gcc/arm-none-eabi/4.8.3/../../../../arm-none-eabi/lib/armv7-m/libg.a(lib_a-errno.o)
                              ./libs/misc/src/_sbrk.o (__errno)
/Users/domenicoamelino/dev/gcc-arm-none-eabi-4_8-2014q1/bin/../lib/gcc/arm-none-eabi/4.8.3/../../../../arm-none-eabi/lib/armv7-m/libg.a(lib_a-impure.o)
                              /Users/domenicoamelino/dev/gcc-arm-none-eabi-4_8-2014q1/bin/../lib/gcc/arm-none-eabi/4.8.3/../../../../arm-none-eabi/lib/armv7-m/libg.a(lib_a-errno.o) (_impure_ptr)
/Users/domenicoamelino/dev/gcc-arm-none-eabi-4_8-2014q1/bin/../lib/gcc/arm-none-eabi/4.8.3/../../../../arm-none-eabi/lib/armv7-m/libg.a(lib_a-malloc.o)
                              ./src/iNEMO_AHRS_v121/src/iNEMO_AHRS_MemMan_1.o (malloc)
/Users/domenicoamelino/dev/gcc-arm-none-eabi-4_8-2014q1/bin/../lib/gcc/arm-none-eabi/4.8.3/../../../../arm-none-eabi/lib/armv7-m/libg.a(lib_a-mallocr.o)
                              /Users/domenicoamelino/dev/gcc-arm-none-eabi-4_8-2014q1/bin/../lib/gcc/arm-none-eabi/4.8.3/../../../../arm-none-eabi/lib/armv7-m/libg.a(lib_a-malloc.o) (_malloc_r)
/Users/domenicoamelino/dev/gcc-arm-none-eabi-4_8-2014q1/bin/../lib/gcc/arm-none-eabi/4.8.3/../../../../arm-none-eabi/lib/armv7-m/libg.a(lib_a-memcpy.o)
                              ./src/iNEMO_M1_SensorDrivers/Source/src/iNEMO_I2C_Driver.o (memcpy)
/Users/domenicoamelino/dev/gcc-arm-none-eabi-4_8-2014q1/bin/../lib/gcc/arm-none-eabi/4.8.3/../../../../arm-none-eabi/lib/armv7-m/libg.a(lib_a-mlock.o)
                              /Users/domenicoamelino/dev/gcc-arm-none-eabi-4_8-2014q1/bin/../lib/gcc/arm-none-eabi/4.8.3/../../../../arm-none-eabi/lib/armv7-m/libg.a(lib_a-mallocr.o) (__malloc_lock)
/Users/domenicoamelino/dev/gcc-arm-none-eabi-4_8-2014q1/bin/../lib/gcc/arm-none-eabi/4.8.3/../../../../arm-none-eabi/lib/armv7-m/libg.a(lib_a-putchar.o)
                              ./src/tm_inemo_nrf24l01.o (putchar)
/Users/domenicoamelino/dev/gcc-arm-none-eabi-4_8-2014q1/bin/../lib/gcc/arm-none-eabi/4.8.3/../../../../arm-none-eabi/lib/armv7-m/libg.a(lib_a-sbrkr.o)
                              /Users/domenicoamelino/dev/gcc-arm-none-eabi-4_8-2014q1/bin/../lib/gcc/arm-none-eabi/4.8.3/../../../../arm-none-eabi/lib/armv7-m/libg.a(lib_a-mallocr.o) (_sbrk_r)
/Users/domenicoamelino/dev/gcc-arm-none-eabi-4_8-2014q1/bin/../lib/gcc/arm-none-eabi/4.8.3/../../../../arm-none-eabi/lib/armv7-m/libg.a(lib_a-strlen.o)
                              ./src/tiny_printf.o (strlen)
/Users/domenicoamelino/dev/gcc-arm-none-eabi-4_8-2014q1/bin/../lib/gcc/arm-none-eabi/4.8.3/../../../../arm-none-eabi/lib/armv7-m/libg.a(lib_a-vsprintf.o)
                              ./src/STM32F1_VirtualCom/Source/src/STM32F1_VC_General.o (vsprintf)
/Users/domenicoamelino/dev/gcc-arm-none-eabi-4_8-2014q1/bin/../lib/gcc/arm-none-eabi/4.8.3/../../../../arm-none-eabi/lib/armv7-m/libg.a(lib_a-freer.o)
[...]
Memory Configuration

Name             Origin             Length             Attributes
RAM              0x0000000020000000 0x0000000000005000 xrw
CCMRAM           0x0000000000000000 0x0000000000000000 xrw
FLASH            0x0000000008000000 0x0000000000020000 xr
FLASHB1          0x0000000000000000 0x0000000000000000 xr
EXTMEMB0         0x0000000000000000 0x0000000000000000 xr
EXTMEMB1         0x0000000000000000 0x0000000000000000 xr
EXTMEMB2         0x0000000000000000 0x0000000000000000 xr
EXTMEMB3         0x0000000000000000 0x0000000000000000 xr
MEMORY_ARRAY     0x0000000000000000 0x0000000000000000 xrw
*default*        0x0000000000000000 0xffffffffffffffff

Linker script and memory map

LOAD ./src/iNemo_Led/iNemoLed.o
LOAD ./src/iNEMO_M1_SensorDrivers/Source/src/iNEMO_I2C_Driver.o
LOAD ./src/iNEMO_M1_SensorDrivers/Source/src/iNemo_SPI_Driver.o
LOAD ./src/iNEMO_AHRS_v121/src/iNEMO_AHRS.o
LOAD ./src/iNEMO_AHRS_v121/src/iNEMO_AHRS_MemMan_1.o
LOAD ./src/iNEMO_AHRS_v121/src/iNEMO_EKF.o
LOAD ./src/iNEMO_AHRS_v121/src/iNEMO_math.o
LOAD ./src/STM32_USB-FS-Device_Lib/Source/Libraries/STM32_USB-FS-Device_Driver/src/otgd_fs_cal.o
LOAD ./src/STM32_USB-FS-Device_Lib/Source/Libraries/STM32_USB-FS-Device_Driver/src/otgd_fs_dev.o
LOAD ./src/STM32_USB-FS-Device_Lib/Source/Libraries/STM32_USB-FS-Device_Driver/src/otgd_fs_int.o
LOAD ./src/STM32_USB-FS-Device_Lib/Source/Libraries/STM32_USB-FS-Device_Driver/src/otgd_fs_pcd.o
LOAD ./src/STM32_USB-FS-Device_Lib/Source/Libraries/STM32_USB-FS-Device_Driver/src/usb_core.o
LOAD ./src/STM32_USB-FS-Device_Lib/Source/Libraries/STM32_USB-FS-Device_Driver/src/usb_init.o
LOAD ./src/STM32_USB-FS-Device_Lib/Source/Libraries/STM32_USB-FS-Device_Driver/src/usb_int.o
LOAD ./src/STM32_USB-FS-Device_Lib/Source/Libraries/STM32_USB-FS-Device_Driver/src/usb_mem.o
LOAD ./src/STM32_USB-FS-Device_Lib/Source/Libraries/STM32_USB-FS-Device_Driver/src/usb_regs.o
LOAD ./src/STM32_USB-FS-Device_Lib/Source/Libraries/STM32_USB-FS-Device_Driver/src/usb_sil.o
LOAD ./src/STM32F1_VirtualCom/Source/src/STM32F1_VC_Desc.o
LOAD ./src/STM32F1_VirtualCom/Source/src/STM32F1_VC_Endp.o
LOAD ./src/STM32F1_VirtualCom/Source/src/STM32F1_VC_General.o
LOAD ./src/STM32F1_VirtualCom/Source/src/STM32F1_VC_Istr.o
LOAD ./src/STM32F1_VirtualCom/Source/src/STM32F1_VC_Prop.o
LOAD ./src/STM32F1_VirtualCom/Source/src/STM32F1_VC_Pwr.o
LOAD ./src/LSM303DLHC/src/LSM303DLHC.o
LOAD ./src/L3Gx/src/L3Gx.o
LOAD ./src/iNEMO_Button.o
LOAD ./src/main.o
LOAD ./src/stm32f10x_it.o
LOAD ./src/tiny_printf.o
LOAD ./src/tm_inemo_nrf24l01.o
LOAD ./src/tm_inemo_spi.o
LOAD ./libs/misc/src/_sbrk.o
LOAD ./libs/misc/src/_write.o
LOAD ./libs/misc/src/trace_impl.o
LOAD ./libs/StdPeriph/src/misc.o
LOAD ./libs/StdPeriph/src/stm32f10x_adc.o
LOAD ./libs/StdPeriph/src/stm32f10x_bkp.o
LOAD ./libs/StdPeriph/src/stm32f10x_can.o
LOAD ./libs/StdPeriph/src/stm32f10x_cec.o
LOAD ./libs/StdPeriph/src/stm32f10x_crc.o
LOAD ./libs/StdPeriph/src/stm32f10x_dac.o
LOAD ./libs/StdPeriph/src/stm32f10x_dbgmcu.o
LOAD ./libs/StdPeriph/src/stm32f10x_dma.o
LOAD ./libs/StdPeriph/src/stm32f10x_exti.o
LOAD ./libs/StdPeriph/src/stm32f10x_flash.o
LOAD ./libs/StdPeriph/src/stm32f10x_fsmc.o
LOAD ./libs/StdPeriph/src/stm32f10x_gpio.o
LOAD ./libs/StdPeriph/src/stm32f10x_i2c.o
LOAD ./libs/StdPeriph/src/stm32f10x_iwdg.o
LOAD ./libs/StdPeriph/src/stm32f10x_pwr.o
LOAD ./libs/StdPeriph/src/stm32f10x_rcc.o
LOAD ./libs/StdPeriph/src/stm32f10x_rtc.o
LOAD ./libs/StdPeriph/src/stm32f10x_sdio.o
LOAD ./libs/StdPeriph/src/stm32f10x_spi.o
LOAD ./libs/StdPeriph/src/stm32f10x_tim.o
LOAD ./libs/StdPeriph/src/stm32f10x_usart.o
LOAD ./libs/StdPeriph/src/stm32f10x_wwdg.o
LOAD ./libs/CMSIS/src/core_cm3.o
LOAD ./libs/CMSIS/src/startup_cm.o
LOAD ./libs/CMSIS/src/startup_stm32f10x.o
LOAD ./libs/CMSIS/src/system_stm32f10x.o
LOAD ./libs/CMSIS/src/vectors_stm32f10x.o
START GROUP
LOAD /Users/domenicoamelino/dev/gcc-arm-none-eabi-4_8-2014q1/bin/../lib/gcc/arm-none-eabi/4.8.3/armv7-m/libgcc.a
LOAD /Users/domenicoamelino/dev/gcc-arm-none-eabi-4_8-2014q1/bin/../lib/gcc/arm-none-eabi/4.8.3/../../../../arm-none-eabi/lib/armv7-m/libg.a
LOAD /Users/domenicoamelino/dev/gcc-arm-none-eabi-4_8-2014q1/bin/../lib/gcc/arm-none-eabi/4.8.3/../../../../arm-none-eabi/lib/armv7-m/libc.a
END GROUP
START GROUP
LOAD /Users/domenicoamelino/dev/gcc-arm-none-eabi-4_8-2014q1/bin/../lib/gcc/arm-none-eabi/4.8.3/armv7-m/libgcc.a
LOAD /Users/domenicoamelino/dev/gcc-arm-none-eabi-4_8-2014q1/bin/../lib/gcc/arm-none-eabi/4.8.3/../../../../arm-none-eabi/lib/armv7-m/libg.a
LOAD /Users/domenicoamelino/dev/gcc-arm-none-eabi-4_8-2014q1/bin/../lib/gcc/arm-none-eabi/4.8.3/../../../../arm-none-eabi/lib/armv7-m/libc.a
LOAD /Users/domenicoamelino/dev/gcc-arm-none-eabi-4_8-2014q1/bin/../lib/gcc/arm-none-eabi/4.8.3/../../../../arm-none-eabi/lib/armv7-m/libm.a
LOAD /Users/domenicoamelino/dev/gcc-arm-none-eabi-4_8-2014q1/bin/../lib/gcc/arm-none-eabi/4.8.3/../../../../arm-none-eabi/lib/armv7-m/libnosys.a
END GROUP
                0x0000000020005000                __stack = (ORIGIN (RAM) + 0x5000)
                0x0000000020005000                _estack = __stack
                0x0000000000000400                __Main_Stack_Size = 0x400
                0x0000000000000400                PROVIDE (_Main_Stack_Size, __Main_Stack_Size)
                0x0000000020004c00                __Main_Stack_Limit = (__stack - __Main_Stack_Size)
                0x0000000020004c00                PROVIDE (_Main_Stack_Limit, __Main_Stack_Limit)
                0x0000000000000100                _Minimum_Stack_Size = 0x100
                0x0000000020000cf8                PROVIDE (_Heap_Begin, _end_noinit)
                0x0000000020004c00                PROVIDE (_Heap_Limit, (__stack - _Main_Stack_Size))

.isr_vector     0x0000000008000000      0x1e8
                0x0000000008000000                . = ALIGN (0x4)
 *(.isr_vector)
 .isr_vector    0x0000000008000000      0x10c ./libs/CMSIS/src/vectors_stm32f10x.o
                0x0000000008000000                g_pfnVectors
 *(.after_vectors .after_vectors.*)
 .after_vectors
                0x000000000800010c       0x8c ./libs/CMSIS/src/startup_cm.o
                0x000000000800010c                Reset_Handler
                0x0000000008000150                system_init
 .after_vectors
                0x0000000008000198       0x50 ./libs/CMSIS/src/vectors_stm32f10x.o
                0x0000000008000198                TIM1_BRK_TIM15_IRQHandler
                0x0000000008000198                EXTI2_IRQHandler
                0x0000000008000198                TIM8_TRG_COM_IRQHandler
                0x0000000008000198                TIM8_CC_IRQHandler
                0x0000000008000198                TIM1_CC_IRQHandler
                0x0000000008000198                TIM6_IRQHandler
                0x0000000008000198                RTC_Alarm_IRQHandler
                0x0000000008000198                PVD_IRQHandler
                0x0000000008000198                SDIO_IRQHandler
                0x0000000008000198                CAN2_RX1_IRQHandler
                0x0000000008000198                EXTI3_IRQHandler
                0x0000000008000198                TIM8_TRG_COM_TIM14_IRQHandler
                0x0000000008000198                TIM1_UP_TIM10_IRQHandler
                0x0000000008000198                TIM8_UP_TIM13_IRQHandler
                0x0000000008000198                EXTI0_IRQHandler
                0x0000000008000198                I2C2_EV_IRQHandler
                0x0000000008000198                CAN1_RX0_IRQHandler
                0x0000000008000198                TIM1_UP_TIM16_IRQHandler
                0x0000000008000198                CAN2_SCE_IRQHandler
                0x0000000008000198                ADC1_2_IRQHandler
                0x0000000008000198                SPI1_IRQHandler
                0x0000000008000198                TAMPER_IRQHandler
                0x0000000008000198                TIM6_DAC_IRQHandler
                0x0000000008000198                TIM1_BRK_TIM9_IRQHandler
                0x0000000008000198                CAN2_RX0_IRQHandler
                0x0000000008000198                TIM8_UP_IRQHandler
                0x0000000008000198                DMA2_Channel2_IRQHandler
                0x0000000008000198                DMA1_Channel4_IRQHandler
                0x0000000008000198                USART3_IRQHandler
                0x0000000008000198                RTC_IRQHandler
                0x0000000008000198                DMA1_Channel7_IRQHandler
                0x0000000008000198                CAN1_RX1_IRQHandler
                0x0000000008000198                UART5_IRQHandler
                0x0000000008000198                ADC3_IRQHandler
                0x0000000008000198                TIM4_IRQHandler
                0x0000000008000198                DMA2_Channel1_IRQHandler
                0x0000000008000198                I2C1_EV_IRQHandler
                0x0000000008000198                DMA1_Channel6_IRQHandler
                0x0000000008000198                UART4_IRQHandler
                0x0000000008000198                DMA2_Channel4_IRQHandler
                0x0000000008000198                TIM3_IRQHandler
                0x0000000008000198                RCC_IRQHandler
                0x0000000008000198                TIM8_BRK_TIM12_IRQHandler
                0x0000000008000198                TIM1_TRG_COM_IRQHandler
                0x0000000008000198                DMA1_Channel1_IRQHandler
                0x0000000008000198                Default_Handler
                0x0000000008000198                CEC_IRQHandler
                0x0000000008000198                TIM14_IRQHandler
                0x0000000008000198                TIM13_IRQHandler
                0x0000000008000198                TIM12_IRQHandler
                0x0000000008000198                TIM7_IRQHandler
                0x0000000008000198                CAN2_TX_IRQHandler
                0x0000000008000198                TIM5_IRQHandler
                0x0000000008000198                EXTI9_5_IRQHandler
                0x0000000008000198                ETH_WKUP_IRQHandler
                0x0000000008000198                SPI2_IRQHandler
                0x0000000008000198                CAN1_TX_IRQHandler
                0x0000000008000198                DMA2_Channel5_IRQHandler
                0x0000000008000198                DMA1_Channel5_IRQHandler
                0x0000000008000198                EXTI4_IRQHandler
                0x0000000008000198                TIM1_TRG_COM_TIM17_IRQHandler
                0x0000000008000198                USB_HP_CAN1_TX_IRQHandler
                0x0000000008000198                DMA1_Channel3_IRQHandler
                0x0000000008000198                FSMC_IRQHandler
                0x0000000008000198                ETH_IRQHandler
                0x0000000008000198                TIM1_UP_IRQHandler
                0x0000000008000198                WWDG_IRQHandler
                0x0000000008000198                OTG_FS_WKUP_IRQHandler
                0x0000000008000198                TIM1_TRG_COM_TIM11_IRQHandler
                0x0000000008000198                TIM1_BRK_IRQHandler
                0x0000000008000198                EXTI1_IRQHandler
                0x0000000008000198                DMA2_Channel4_5_IRQHandler
                0x0000000008000198                USART2_IRQHandler
                0x0000000008000198                I2C2_ER_IRQHandler
                0x0000000008000198                DMA1_Channel2_IRQHandler
                0x0000000008000198                TIM8_BRK_IRQHandler
                0x0000000008000198                CAN1_SCE_IRQHandler
                0x0000000008000198                FLASH_IRQHandler
                0x0000000008000198                USART1_IRQHandler
                0x0000000008000198                OTG_FS_IRQHandler
                0x0000000008000198                SPI3_IRQHandler
                0x0000000008000198                I2C1_ER_IRQHandler
                0x0000000008000198                USBWakeUp_IRQHandler
                0x0000000008000198                DMA2_Channel3_IRQHandler
                0x00000000080001e0                SysTick_Handler
                0x00000000080001e8                . = ALIGN (0x4)

._inits         0x00000000080001e8        0x4
                0x00000000080001e8                . = ALIGN (0x4)
 *(.init)
 *(.fini)
                0x00000000080001e8                . = ALIGN (0x4)
                0x00000000080001e8                PROVIDE (__preinit_array_start, .)
 *(.preinit_array_sysinit .preinit_array_sysinit.*)
 .preinit_array_sysinit
                0x00000000080001e8        0x4 ./libs/CMSIS/src/startup_cm.o
                0x00000000080001e8                p_system_init
 *(.preinit_array_platform .preinit_array_platform.*)
 *(.preinit_array .preinit_array.*)
                0x00000000080001ec                PROVIDE (__preinit_array_end, .)
                0x00000000080001ec                . = ALIGN (0x4)
                0x00000000080001ec                PROVIDE (__init_array_start, .)
 *(SORT(.init_array.*))
 *(.init_array)
                0x00000000080001ec                PROVIDE (__init_array_end, .)
                0x00000000080001ec                . = ALIGN (0x4)
                0x00000000080001ec                PROVIDE (__fini_array_start, .)
 *(SORT(.fini_array.*))
 *(.fini_array)
                0x00000000080001ec                PROVIDE (__fini_array_end, .)
                0x00000000080001ec                . = ALIGN (0x4)

.flashtext      0x00000000080001ec        0x0
                0x00000000080001ec                . = ALIGN (0x4)
 *(.flashtext .flashtext.*)
                0x00000000080001ec                . = ALIGN (0x4)

.text           0x00000000080001f0     0xa5f8
                0x00000000080001f0                . = ALIGN (0x4)
 *(.text .text.*)
 .text.iNEMO_Led_Init
                0x00000000080001f0       0x40 ./src/iNemo_Led/iNemoLed.o
                0x00000000080001f0                iNEMO_Led_Init
 .text.iNEMO_Led_Off
                0x0000000008000230       0x24 ./src/iNemo_Led/iNemoLed.o
                0x0000000008000230                iNEMO_Led_Off
 .text.iNEMO_Led_Toggle
                0x0000000008000254       0x30 ./src/iNemo_Led/iNemoLed.o
                0x0000000008000254                iNEMO_Led_Toggle
 .text.__enable_irq
                0x0000000008000284       0x10 ./src/iNEMO_M1_SensorDrivers/Source/src/iNEMO_I2C_Driver.o
 .text.__disable_irq
                0x0000000008000294       0x10 ./src/iNEMO_M1_SensorDrivers/Source/src/iNEMO_I2C_Driver.o
 .text.iNemoI2CInit
                0x00000000080002a4       0xb8 ./src/iNEMO_M1_SensorDrivers/Source/src/iNEMO_I2C_Driver.o
                0x00000000080002a4                iNemoI2CInit
 .text.iNemoI2CDMAInit
                0x000000000800035c       0xd0 ./src/iNEMO_M1_SensorDrivers/Source/src/iNEMO_I2C_Driver.o
                0x000000000800035c                iNemoI2CDMAInit
 .text.iNemoI2CDMAConfig
                0x000000000800042c       0xec ./src/iNEMO_M1_SensorDrivers/Source/src/iNEMO_I2C_Driver.o
                0x000000000800042c                iNemoI2CDMAConfig
 .text.iNemoI2CBufferReadDma
                0x0000000008000518      0x1c4 ./src/iNEMO_M1_SensorDrivers/Source/src/iNEMO_I2C_Driver.o
                0x0000000008000518                iNemoI2CBufferReadDma
 .text.iNemoI2CBufferWriteDma
                0x00000000080006dc      0x160 ./src/iNEMO_M1_SensorDrivers/Source/src/iNEMO_I2C_Driver.o
                0x00000000080006dc                iNemoI2CBufferWriteDma
 .text.__enable_irq
                0x000000000800083c       0x10 ./src/iNEMO_M1_SensorDrivers/Source/src/iNemo_SPI_Driver.o
 .text.__disable_irq
                0x000000000800084c       0x10 ./src/iNEMO_M1_SensorDrivers/Source/src/iNemo_SPI_Driver.o
 .text.iNemoSPIInit
                0x000000000800085c      0x138 ./src/iNEMO_M1_SensorDrivers/Source/src/iNemo_SPI_Driver.o
                0x000000000800085c                iNemoSPIInit
 .text.iNemoSPISendByte
                0x0000000008000994       0x54 ./src/iNEMO_M1_SensorDrivers/Source/src/iNemo_SPI_Driver.o
                0x0000000008000994                iNemoSPISendByte
 .text.iNemoSPIBufferRead
                0x00000000080009e8       0x9c ./src/iNEMO_M1_SensorDrivers/Source/src/iNemo_SPI_Driver.o
                0x00000000080009e8                iNemoSPIBufferRead
 .text.iNemoSPIBufferWrite
                0x0000000008000a84       0x98 ./src/iNEMO_M1_SensorDrivers/Source/src/iNemo_SPI_Driver.o
                0x0000000008000a84                iNemoSPIBufferWrite
 .text.iNEMO_AHRS_Init
                0x0000000008000b1c      0x328 ./src/iNEMO_AHRS_v121/src/iNEMO_AHRS.o
                0x0000000008000b1c                iNEMO_AHRS_Init
 .text.iNEMO_AHRS_Update
                0x0000000008000e44     0x12b8 ./src/iNEMO_AHRS_v121/src/iNEMO_AHRS.o
                0x0000000008000e44                iNEMO_AHRS_Update
 .text.iNEMO_Malloc
                0x00000000080020fc       0x18 ./src/iNEMO_AHRS_v121/src/iNEMO_AHRS_MemMan_1.o
                0x00000000080020fc                iNEMO_Malloc
 .text.iNEMO_Free
                0x0000000008002114       0x14 ./src/iNEMO_AHRS_v121/src/iNEMO_AHRS_MemMan_1.o
                0x0000000008002114                iNEMO_Free
 .text.iNEMO_PropagateP
                0x0000000008002128       0x58 ./src/iNEMO_AHRS_v121/src/iNEMO_EKF.o
                0x0000000008002128                iNEMO_PropagateP
 .text.iNEMO_CalculateK
                0x0000000008002180       0xa8 ./src/iNEMO_AHRS_v121/src/iNEMO_EKF.o
                0x0000000008002180                iNEMO_CalculateK
 .text.iNEMO_UpdateP
                0x0000000008002228       0x78 ./src/iNEMO_AHRS_v121/src/iNEMO_EKF.o
                0x0000000008002228                iNEMO_UpdateP
 .text.iNEMO_fMatCreate
                0x00000000080022a0       0x80 ./src/iNEMO_AHRS_v121/src/iNEMO_math.o
                0x00000000080022a0                iNEMO_fMatCreate
 .text.iNEMO_sMatCreate
                0x0000000008002320       0x80 ./src/iNEMO_AHRS_v121/src/iNEMO_math.o
                0x0000000008002320                iNEMO_sMatCreate
 .text.iNEMO_fMatCreateInit
                0x00000000080023a0       0xcc ./src/iNEMO_AHRS_v121/src/iNEMO_math.o
                0x00000000080023a0                iNEMO_fMatCreateInit
 .text.iNEMO_fMatFill
                0x000000000800246c       0x60 ./src/iNEMO_AHRS_v121/src/iNEMO_math.o
                0x000000000800246c                iNEMO_fMatFill
 .text.iNEMO_fMatFree
                0x00000000080024cc       0x58 ./src/iNEMO_AHRS_v121/src/iNEMO_math.o
                0x00000000080024cc                iNEMO_fMatFree
 .text.iNEMO_sMatFree
                0x0000000008002524       0x58 ./src/iNEMO_AHRS_v121/src/iNEMO_math.o
                0x0000000008002524                iNEMO_sMatFree
 .text.iNEMO_fMatCopy
                0x000000000800257c       0x94 ./src/iNEMO_AHRS_v121/src/iNEMO_math.o
                0x000000000800257c                iNEMO_fMatCopy
 .text.iNEMO_fMatAdd
                0x0000000008002610       0xb0 ./src/iNEMO_AHRS_v121/src/iNEMO_math.o
                0x0000000008002610                iNEMO_fMatAdd
 .text.iNEMO_fMatSub
                0x00000000080026c0       0xb0 ./src/iNEMO_AHRS_v121/src/iNEMO_math.o
                0x00000000080026c0                iNEMO_fMatSub
 .text.iNEMO_fMatMulMat
                0x0000000008002770      0x100 ./src/iNEMO_AHRS_v121/src/iNEMO_math.o
                0x0000000008002770                iNEMO_fMatMulMat
 .text.iNEMO_fMatMulMatMT
                0x0000000008002870      0x100 ./src/iNEMO_AHRS_v121/src/iNEMO_math.o
                0x0000000008002870                iNEMO_fMatMulMatMT
 .text.iNEMO_fMatInv
                0x0000000008002970       0xf8 ./src/iNEMO_AHRS_v121/src/iNEMO_math.o
                0x0000000008002970                iNEMO_fMatInv
 .text.iNEMO_MatLUP
                0x0000000008002a68      0x2cc ./src/iNEMO_AHRS_v121/src/iNEMO_math.o
                0x0000000008002a68                iNEMO_MatLUP
 .text.iNEMO_MatBackSubs
                0x0000000008002d34      0x22c ./src/iNEMO_AHRS_v121/src/iNEMO_math.o
                0x0000000008002d34                iNEMO_MatBackSubs
 .text.Standard_GetConfiguration
                0x0000000008002f60       0x3c ./src/STM32_USB-FS-Device_Lib/Source/Libraries/STM32_USB-FS-Device_Driver/src/usb_core.o
                0x0000000008002f60                Standard_GetConfiguration
 .text.Standard_SetConfiguration
                0x0000000008002f9c       0x50 ./src/STM32_USB-FS-Device_Lib/Source/Libraries/STM32_USB-FS-Device_Driver/src/usb_core.o
                0x0000000008002f9c                Standard_SetConfiguration
 .text.Standard_GetInterface
                0x0000000008002fec       0x3c ./src/STM32_USB-FS-Device_Lib/Source/Libraries/STM32_USB-FS-Device_Driver/src/usb_core.o
                0x0000000008002fec                Standard_GetInterface
 .text.Standard_SetInterface
                0x0000000008003028       0x8c ./src/STM32_USB-FS-Device_Lib/Source/Libraries/STM32_USB-FS-Device_Driver/src/usb_core.o
                0x0000000008003028                Standard_SetInterface
 .text.Standard_GetStatus
                0x00000000080030b4      0x138 ./src/STM32_USB-FS-Device_Lib/Source/Libraries/STM32_USB-FS-Device_Driver/src/usb_core.o
                0x00000000080030b4                Standard_GetStatus
 .text.Standard_ClearFeature
                0x00000000080031ec      0x1d8 ./src/STM32_USB-FS-Device_Lib/Source/Libraries/STM32_USB-FS-Device_Driver/src/usb_core.o
                0x00000000080031ec                Standard_ClearFeature
 .text.Standard_SetEndPointFeature
                0x00000000080033c4      0x118 ./src/STM32_USB-FS-Device_Lib/Source/Libraries/STM32_USB-FS-Device_Driver/src/usb_core.o
                0x00000000080033c4                Standard_SetEndPointFeature
 .text.Standard_SetDeviceFeature
                0x00000000080034dc       0x2c ./src/STM32_USB-FS-Device_Lib/Source/Libraries/STM32_USB-FS-Device_Driver/src/usb_core.o
                0x00000000080034dc                Standard_SetDeviceFeature
 .text.Standard_GetDescriptorData
                0x0000000008003508       0x48 ./src/STM32_USB-FS-Device_Lib/Source/Libraries/STM32_USB-FS-Device_Driver/src/usb_core.o
                0x0000000008003508                Standard_GetDescriptorData
 .text.DataStageOut
                0x0000000008003550      0x104 ./src/STM32_USB-FS-Device_Lib/Source/Libraries/STM32_USB-FS-Device_Driver/src/usb_core.o
 .text.DataStageIn
                0x0000000008003654      0x10c ./src/STM32_USB-FS-Device_Lib/Source/Libraries/STM32_USB-FS-Device_Driver/src/usb_core.o
 .text.NoData_Setup0
                0x0000000008003760      0x194 ./src/STM32_USB-FS-Device_Lib/Source/Libraries/STM32_USB-FS-Device_Driver/src/usb_core.o
 .text.Data_Setup0
                0x00000000080038f4      0x324 ./src/STM32_USB-FS-Device_Lib/Source/Libraries/STM32_USB-FS-Device_Driver/src/usb_core.o
 .text.Setup0_Process
                0x0000000008003c18       0xd8 ./src/STM32_USB-FS-Device_Lib/Source/Libraries/STM32_USB-FS-Device_Driver/src/usb_core.o
                0x0000000008003c18                Setup0_Process
 .text.In0_Process
                0x0000000008003cf0       0x90 ./src/STM32_USB-FS-Device_Lib/Source/Libraries/STM32_USB-FS-Device_Driver/src/usb_core.o
                0x0000000008003cf0                In0_Process
 .text.Out0_Process
                0x0000000008003d80       0x74 ./src/STM32_USB-FS-Device_Lib/Source/Libraries/STM32_USB-FS-Device_Driver/src/usb_core.o
                0x0000000008003d80                Out0_Process
 .text.Post0_Process
                0x0000000008003df4       0x50 ./src/STM32_USB-FS-Device_Lib/Source/Libraries/STM32_USB-FS-Device_Driver/src/usb_core.o
                0x0000000008003df4                Post0_Process
 .text.SetDeviceAddress
                0x0000000008003e44       0x7c ./src/STM32_USB-FS-Device_Lib/Source/Libraries/STM32_USB-FS-Device_Driver/src/usb_core.o
                0x0000000008003e44                SetDeviceAddress
 .text.NOP_Process
                0x0000000008003ec0        0xc ./src/STM32_USB-FS-Device_Lib/Source/Libraries/STM32_USB-FS-Device_Driver/src/usb_core.o
                0x0000000008003ec0                NOP_Process
 .text.CTR_LP   0x0000000008003ecc      0x308 ./src/STM32_USB-FS-Device_Lib/Source/Libraries/STM32_USB-FS-Device_Driver/src/usb_int.o
                0x0000000008003ecc                CTR_LP
 .text.UserToPMABufferCopy
                0x00000000080041d4       0x74 ./src/STM32_USB-FS-Device_Lib/Source/Libraries/STM32_USB-FS-Device_Driver/src/usb_mem.o
                0x00000000080041d4                UserToPMABufferCopy
 .text.PMAToUserBufferCopy
                0x0000000008004248       0x5c ./src/STM32_USB-FS-Device_Lib/Source/Libraries/STM32_USB-FS-Device_Driver/src/usb_mem.o
                0x0000000008004248                PMAToUserBufferCopy
 .text.SetBTABLE
                0x00000000080042a4       0x24 ./src/STM32_USB-FS-Device_Lib/Source/Libraries/STM32_USB-FS-Device_Driver/src/usb_regs.o
                0x00000000080042a4                SetBTABLE
 .text.SetEPType
                0x00000000080042c8       0x48 ./src/STM32_USB-FS-Device_Lib/Source/Libraries/STM32_USB-FS-Device_Driver/src/usb_regs.o
                0x00000000080042c8                SetEPType
 .text.SetEPTxStatus
                0x0000000008004310       0x6c ./src/STM32_USB-FS-Device_Lib/Source/Libraries/STM32_USB-FS-Device_Driver/src/usb_regs.o
                0x0000000008004310                SetEPTxStatus
 .text.SetEPRxStatus
                0x000000000800437c       0x6c ./src/STM32_USB-FS-Device_Lib/Source/Libraries/STM32_USB-FS-Device_Driver/src/usb_regs.o
                0x000000000800437c                SetEPRxStatus
 .text.SetEPRxValid
                0x00000000080043e8       0x50 ./src/STM32_USB-FS-Device_Lib/Source/Libraries/STM32_USB-FS-Device_Driver/src/usb_regs.o
                0x00000000080043e8                SetEPRxValid
 .text.Clear_Status_Out
                0x0000000008004438       0x50 ./src/STM32_USB-FS-Device_Lib/Source/Libraries/STM32_USB-FS-Device_Driver/src/usb_regs.o
                0x0000000008004438                Clear_Status_Out
 .text.ClearDTOG_RX
                0x0000000008004488       0x5c ./src/STM32_USB-FS-Device_Lib/Source/Libraries/STM32_USB-FS-Device_Driver/src/usb_regs.o
                0x0000000008004488                ClearDTOG_RX
 .text.ClearDTOG_TX
                0x00000000080044e4       0x5c ./src/STM32_USB-FS-Device_Lib/Source/Libraries/STM32_USB-FS-Device_Driver/src/usb_regs.o
                0x00000000080044e4                ClearDTOG_TX
 .text.SetEPTxAddr
                0x0000000008004540       0x40 ./src/STM32_USB-FS-Device_Lib/Source/Libraries/STM32_USB-FS-Device_Driver/src/usb_regs.o
                0x0000000008004540                SetEPTxAddr
 .text.SetEPRxAddr
                0x0000000008004580       0x40 ./src/STM32_USB-FS-Device_Lib/Source/Libraries/STM32_USB-FS-Device_Driver/src/usb_regs.o
                0x0000000008004580                SetEPRxAddr
 .text.GetEPTxAddr
                0x00000000080045c0       0x38 ./src/STM32_USB-FS-Device_Lib/Source/Libraries/STM32_USB-FS-Device_Driver/src/usb_regs.o
                0x00000000080045c0                GetEPTxAddr
 .text.GetEPRxAddr
                0x00000000080045f8       0x38 ./src/STM32_USB-FS-Device_Lib/Source/Libraries/STM32_USB-FS-Device_Driver/src/usb_regs.o
                0x00000000080045f8                GetEPRxAddr
 .text.SetEPTxCount
                0x0000000008004630       0x38 ./src/STM32_USB-FS-Device_Lib/Source/Libraries/STM32_USB-FS-Device_Driver/src/usb_regs.o
                0x0000000008004630                SetEPTxCount
 .text.SetEPRxCount
                0x0000000008004668       0x84 ./src/STM32_USB-FS-Device_Lib/Source/Libraries/STM32_USB-FS-Device_Driver/src/usb_regs.o
                0x0000000008004668                SetEPRxCount
 .text.GetEPRxCount
                0x00000000080046ec       0x3c ./src/STM32_USB-FS-Device_Lib/Source/Libraries/STM32_USB-FS-Device_Driver/src/usb_regs.o
                0x00000000080046ec                GetEPRxCount
 .text.ByteSwap
                0x0000000008004728       0x30 ./src/STM32_USB-FS-Device_Lib/Source/Libraries/STM32_USB-FS-Device_Driver/src/usb_regs.o
                0x0000000008004728                ByteSwap
 .text.USB_SIL_Init
                0x0000000008004758       0x34 ./src/STM32_USB-FS-Device_Lib/Source/Libraries/STM32_USB-FS-Device_Driver/src/usb_sil.o
                0x0000000008004758                USB_SIL_Init
 .text.EP3_OUT_Callback
                0x000000000800478c       0x34 ./src/STM32F1_VirtualCom/Source/src/STM32F1_VC_Endp.o
                0x000000000800478c                EP3_OUT_Callback
 .text.Stm32f1VCCableConfig
                0x00000000080047c0       0x30 ./src/STM32F1_VirtualCom/Source/src/STM32F1_VC_General.o
                0x00000000080047c0                Stm32f1VCCableConfig
 .text.Stm32f1VCGetSerialNum
                0x00000000080047f0       0x54 ./src/STM32F1_VirtualCom/Source/src/STM32F1_VC_General.o
                0x00000000080047f0                Stm32f1VCGetSerialNum
 .text.IntToUnicode
                0x0000000008004844       0x78 ./src/STM32F1_VirtualCom/Source/src/STM32F1_VC_General.o
 .text.Stm32f1VCIntServRoutine
                0x00000000080048bc       0x88 ./src/STM32F1_VirtualCom/Source/src/STM32F1_VC_Istr.o
                0x00000000080048bc                Stm32f1VCIntServRoutine
 .text.Stm32f1VCPortInit
                0x0000000008004944       0x28 ./src/STM32F1_VirtualCom/Source/src/STM32F1_VC_Prop.o
                0x0000000008004944                Stm32f1VCPortInit
 .text.Stm32f1VCPortReset
                0x000000000800496c       0xf0 ./src/STM32F1_VirtualCom/Source/src/STM32F1_VC_Prop.o
                0x000000000800496c                Stm32f1VCPortReset
 .text.Stm32f1VCPortStatusIn
                0x0000000008004a5c       0x20 ./src/STM32F1_VirtualCom/Source/src/STM32F1_VC_Prop.o
                0x0000000008004a5c                Stm32f1VCPortStatusIn
 .text.Stm32f1VCPortStatusOut
                0x0000000008004a7c        0xc ./src/STM32F1_VirtualCom/Source/src/STM32F1_VC_Prop.o
                0x0000000008004a7c                Stm32f1VCPortStatusOut
 .text.Stm32f1VCPortDataSetup
                0x0000000008004a88       0x80 ./src/STM32F1_VirtualCom/Source/src/STM32F1_VC_Prop.o
                0x0000000008004a88                Stm32f1VCPortDataSetup
 .text.Stm32f1VCPortNoDataSetup
                0x0000000008004b08       0x40 ./src/STM32F1_VirtualCom/Source/src/STM32F1_VC_Prop.o
                0x0000000008004b08                Stm32f1VCPortNoDataSetup
 .text.Stm32f1VCPortGetDeviceDescriptor
                0x0000000008004b48       0x24 ./src/STM32F1_VirtualCom/Source/src/STM32F1_VC_Prop.o
                0x0000000008004b48                Stm32f1VCPortGetDeviceDescriptor
 .text.Stm32f1VCPortGetConfigDescriptor
                0x0000000008004b6c       0x24 ./src/STM32F1_VirtualCom/Source/src/STM32F1_VC_Prop.o
                0x0000000008004b6c                Stm32f1VCPortGetConfigDescriptor
 .text.Stm32f1VCPortGetStringDescriptor
                0x0000000008004b90       0x40 ./src/STM32F1_VirtualCom/Source/src/STM32F1_VC_Prop.o
                0x0000000008004b90                Stm32f1VCPortGetStringDescriptor
 .text.Stm32f1VCPortGetInterfaceSetting
                0x0000000008004bd0       0x30 ./src/STM32F1_VirtualCom/Source/src/STM32F1_VC_Prop.o
                0x0000000008004bd0                Stm32f1VCPortGetInterfaceSetting
 .text.Stm32f1VCPortGetLineCoding
                0x0000000008004c00       0x34 ./src/STM32F1_VirtualCom/Source/src/STM32F1_VC_Prop.o
                0x0000000008004c00                Stm32f1VCPortGetLineCoding
 .text.Stm32f1VCPortSetLineCoding
                0x0000000008004c34       0x34 ./src/STM32F1_VirtualCom/Source/src/STM32F1_VC_Prop.o
                0x0000000008004c34                Stm32f1VCPortSetLineCoding
 .text.PowerOn  0x0000000008004c68       0x50 ./src/STM32F1_VirtualCom/Source/src/STM32F1_VC_Pwr.o
                0x0000000008004c68                PowerOn
 .text.Lsm303dlhcAccConfig
                0x0000000008004cb8       0xac ./src/LSM303DLHC/src/LSM303DLHC.o
                0x0000000008004cb8                Lsm303dlhcAccConfig
 .text.Lsm303dlhcAccFilterConfig
                0x0000000008004d64       0xdc ./src/LSM303DLHC/src/LSM303DLHC.o
                0x0000000008004d64                Lsm303dlhcAccFilterConfig
 .text.Lsm303dlhcAccReadOutReg
                0x0000000008004e40       0x24 ./src/LSM303DLHC/src/LSM303DLHC.o
                0x0000000008004e40                Lsm303dlhcAccReadOutReg
 .text.Lsm303dlhcAccReadRawData
                0x0000000008004e64       0xf0 ./src/LSM303DLHC/src/LSM303DLHC.o
                0x0000000008004e64                Lsm303dlhcAccReadRawData
 .text.Lsm303dlhcAccReadAcc
                0x0000000008004f54       0xc0 ./src/LSM303DLHC/src/LSM303DLHC.o
                0x0000000008004f54                Lsm303dlhcAccReadAcc
 .text.Lsm303dlhcMagConfig
                0x0000000008005014       0x7c ./src/LSM303DLHC/src/LSM303DLHC.o
                0x0000000008005014                Lsm303dlhcMagConfig
 .text.Lsm303dlhcMagReadMag
                0x0000000008005090      0x180 ./src/LSM303DLHC/src/LSM303DLHC.o
                0x0000000008005090                Lsm303dlhcMagReadMag
 .text.L3gxConfig
                0x0000000008005210       0x74 ./src/L3Gx/src/L3Gx.o
                0x0000000008005210                L3gxConfig
 .text.L3gxReadRawData
                0x0000000008005284       0xc8 ./src/L3Gx/src/L3Gx.o
                0x0000000008005284                L3gxReadRawData
 .text.L3gxReadAngRate
                0x000000000800534c       0x9c ./src/L3Gx/src/L3Gx.o
                0x000000000800534c                L3gxReadAngRate
 .text.iNEMO_Button_Init
                0x00000000080053e8       0x74 ./src/iNEMO_Button.o
                0x00000000080053e8                iNEMO_Button_Init
 .text.iNEMO_Button_Interrupt_Cmd
                0x000000000800545c       0x34 ./src/iNEMO_Button.o
                0x000000000800545c                iNEMO_Button_Interrupt_Cmd
 .text.prvFindFactors
                0x0000000008005490       0xf4 ./src/main.o
                0x0000000008005490                prvFindFactors
 .text.iNemoTimerConfig
                0x0000000008005584       0x98 ./src/main.o
                0x0000000008005584                iNemoTimerConfig
 .text.TIM2_IRQHandler
                0x000000000800561c       0x2c ./src/main.o
                0x000000000800561c                TIM2_IRQHandler
 .text.EXTI15_10_IRQHandler
                0x0000000008005648       0x80 ./src/main.o
                0x0000000008005648                EXTI15_10_IRQHandler
 .text.main     0x00000000080056c8      0x3d8 ./src/main.o
                0x00000000080056c8                main
 .text.delay_ms
                0x0000000008005aa0       0x28 ./src/main.o
                0x0000000008005aa0                delay_ms
 .text.NMI_Handler
                0x0000000008005ac8        0xc ./src/stm32f10x_it.o
                0x0000000008005ac8                NMI_Handler
 .text.HardFault_Handler
                0x0000000008005ad4        0x8 ./src/stm32f10x_it.o
                0x0000000008005ad4                HardFault_Handler
 .text.MemManage_Handler
                0x0000000008005adc        0x8 ./src/stm32f10x_it.o
                0x0000000008005adc                MemManage_Handler
 .text.BusFault_Handler
                0x0000000008005ae4        0x8 ./src/stm32f10x_it.o
                0x0000000008005ae4                BusFault_Handler
 .text.UsageFault_Handler
                0x0000000008005aec        0x8 ./src/stm32f10x_it.o
                0x0000000008005aec                UsageFault_Handler
 .text.SVC_Handler
                0x0000000008005af4        0xc ./src/stm32f10x_it.o
                0x0000000008005af4                SVC_Handler
 .text.DebugMon_Handler
                0x0000000008005b00        0xc ./src/stm32f10x_it.o
                0x0000000008005b00                DebugMon_Handler
 .text.PendSV_Handler
                0x0000000008005b0c        0xc ./src/stm32f10x_it.o
                0x0000000008005b0c                PendSV_Handler
 .text.USB_LP_CAN1_RX0_IRQHandler
                0x0000000008005b18        0xc ./src/stm32f10x_it.o
                0x0000000008005b18                USB_LP_CAN1_RX0_IRQHandler
 .text.puts     0x0000000008005b24       0x58 ./src/tiny_printf.o
                0x0000000008005b24                puts
 .text.TM_NRF24L01_InitPins
                0x0000000008005b7c       0xb4 ./src/tm_inemo_nrf24l01.o
                0x0000000008005b7c                TM_NRF24L01_InitPins
 .text.TM_NRF24L01_Init
                0x0000000008005c30      0x11c ./src/tm_inemo_nrf24l01.o
                0x0000000008005c30                TM_NRF24L01_Init
 .text.TM_NRF24L01_SetMyAddress
                0x0000000008005d4c       0x2c ./src/tm_inemo_nrf24l01.o
                0x0000000008005d4c                TM_NRF24L01_SetMyAddress
 .text.TM_NRF24L01_SetTxAddress
                0x0000000008005d78       0x24 ./src/tm_inemo_nrf24l01.o
                0x0000000008005d78                TM_NRF24L01_SetTxAddress
 .text.TM_NRF24L01_WriteBit
                0x0000000008005d9c       0x60 ./src/tm_inemo_nrf24l01.o
                0x0000000008005d9c                TM_NRF24L01_WriteBit
 .text.TM_NRF24L01_ReadRegister
                0x0000000008005dfc       0x48 ./src/tm_inemo_nrf24l01.o
                0x0000000008005dfc                TM_NRF24L01_ReadRegister
 .text.TM_NRF24L01_WriteRegister
                0x0000000008005e44       0x4c ./src/tm_inemo_nrf24l01.o
                0x0000000008005e44                TM_NRF24L01_WriteRegister
 .text.TM_NRF24L01_WriteRegisterMulti
                0x0000000008005e90       0x50 ./src/tm_inemo_nrf24l01.o
                0x0000000008005e90                TM_NRF24L01_WriteRegisterMulti
 .text.TM_NRF24L01_PowerUpTx
                0x0000000008005ee0       0x2c ./src/tm_inemo_nrf24l01.o
                0x0000000008005ee0                TM_NRF24L01_PowerUpTx
 .text.TM_NRF24L01_PowerUpRx
                0x0000000008005f0c       0x5c ./src/tm_inemo_nrf24l01.o
                0x0000000008005f0c                TM_NRF24L01_PowerUpRx
 .text.TM_NRF24L01_Transmit
                0x0000000008005f68       0x70 ./src/tm_inemo_nrf24l01.o
                0x0000000008005f68                TM_NRF24L01_Transmit
 .text.TM_NRF24L01_GetStatus
                0x0000000008005fd8       0x34 ./src/tm_inemo_nrf24l01.o
                0x0000000008005fd8                TM_NRF24L01_GetStatus
 .text.TM_NRF24L01_GetTransmissionStatus
                0x000000000800600c       0x34 ./src/tm_inemo_nrf24l01.o
                0x000000000800600c                TM_NRF24L01_GetTransmissionStatus
 .text.TM_NRF24L01_SoftwareReset
                0x0000000008006040      0x124 ./src/tm_inemo_nrf24l01.o
                0x0000000008006040                TM_NRF24L01_SoftwareReset
 .text.TM_NRF24L01_SetChannel
                0x0000000008006164       0x34 ./src/tm_inemo_nrf24l01.o
                0x0000000008006164                TM_NRF24L01_SetChannel
 .text.TM_NRF24L01_SetRF
                0x0000000008006198       0x80 ./src/tm_inemo_nrf24l01.o
                0x0000000008006198                TM_NRF24L01_SetRF
 .text.TM_NRF24L01_SendPacket
                0x0000000008006218      0x184 ./src/tm_inemo_nrf24l01.o
                0x0000000008006218                TM_NRF24L01_SendPacket
 .text.TM_SPI_Init
                0x000000000800639c       0x14 ./src/tm_inemo_spi.o
                0x000000000800639c                TM_SPI_Init
 .text.TM_SPI_Send
                0x00000000080063b0       0x54 ./src/tm_inemo_spi.o
                0x00000000080063b0                TM_SPI_Send
 .text.TM_SPI_WriteMulti
                0x0000000008006404       0x38 ./src/tm_inemo_spi.o
                0x0000000008006404                TM_SPI_WriteMulti
 .text._sbrk    0x000000000800643c       0x68 ./libs/misc/src/_sbrk.o
                0x000000000800643c                _sbrk
 .text._write   0x00000000080064a4       0x2c ./libs/misc/src/_write.o
                0x00000000080064a4                _write
 .text._write_trace_itm
                0x00000000080064d0       0x88 ./libs/misc/src/trace_impl.o
                0x00000000080064d0                _write_trace_itm
 .text.NVIC_Init
                0x0000000008006558       0xc0 ./libs/StdPeriph/src/misc.o
                0x0000000008006558                NVIC_Init
 .text.DMA_DeInit
                0x0000000008006618      0x178 ./libs/StdPeriph/src/stm32f10x_dma.o
                0x0000000008006618                DMA_DeInit
 .text.DMA_Init
                0x0000000008006790       0x7c ./libs/StdPeriph/src/stm32f10x_dma.o
                0x0000000008006790                DMA_Init
 .text.DMA_Cmd  0x000000000800680c       0x38 ./libs/StdPeriph/src/stm32f10x_dma.o
                0x000000000800680c                DMA_Cmd
 .text.DMA_GetFlagStatus
                0x0000000008006844       0x54 ./libs/StdPeriph/src/stm32f10x_dma.o
                0x0000000008006844                DMA_GetFlagStatus
 .text.DMA_ClearFlag
                0x0000000008006898       0x34 ./libs/StdPeriph/src/stm32f10x_dma.o
                0x0000000008006898                DMA_ClearFlag
 .text.EXTI_Init
                0x00000000080068cc       0xdc ./libs/StdPeriph/src/stm32f10x_exti.o
                0x00000000080068cc                EXTI_Init
 .text.EXTI_GetITStatus
                0x00000000080069a8       0x48 ./libs/StdPeriph/src/stm32f10x_exti.o
                0x00000000080069a8                EXTI_GetITStatus
 .text.EXTI_ClearITPendingBit
                0x00000000080069f0       0x1c ./libs/StdPeriph/src/stm32f10x_exti.o
                0x00000000080069f0                EXTI_ClearITPendingBit
 .text.GPIO_Init
                0x0000000008006a0c      0x178 ./libs/StdPeriph/src/stm32f10x_gpio.o
                0x0000000008006a0c                GPIO_Init
 .text.GPIO_SetBits
                0x0000000008006b84       0x1c ./libs/StdPeriph/src/stm32f10x_gpio.o
                0x0000000008006b84                GPIO_SetBits
 .text.GPIO_ResetBits
                0x0000000008006ba0       0x1c ./libs/StdPeriph/src/stm32f10x_gpio.o
                0x0000000008006ba0                GPIO_ResetBits
 .text.GPIO_PinRemapConfig
                0x0000000008006bbc       0xe0 ./libs/StdPeriph/src/stm32f10x_gpio.o
                0x0000000008006bbc                GPIO_PinRemapConfig
 .text.GPIO_EXTILineConfig
                0x0000000008006c9c       0x7c ./libs/StdPeriph/src/stm32f10x_gpio.o
                0x0000000008006c9c                GPIO_EXTILineConfig
 .text.I2C_Init
                0x0000000008006d18      0x184 ./libs/StdPeriph/src/stm32f10x_i2c.o
                0x0000000008006d18                I2C_Init
 .text.I2C_Cmd  0x0000000008006e9c       0x40 ./libs/StdPeriph/src/stm32f10x_i2c.o
                0x0000000008006e9c                I2C_Cmd
 .text.I2C_DMACmd
                0x0000000008006edc       0x40 ./libs/StdPeriph/src/stm32f10x_i2c.o
                0x0000000008006edc                I2C_DMACmd
 .text.I2C_GenerateSTART
                0x0000000008006f1c       0x40 ./libs/StdPeriph/src/stm32f10x_i2c.o
                0x0000000008006f1c                I2C_GenerateSTART
 .text.I2C_GenerateSTOP
                0x0000000008006f5c       0x40 ./libs/StdPeriph/src/stm32f10x_i2c.o
                0x0000000008006f5c                I2C_GenerateSTOP
 .text.I2C_AcknowledgeConfig
                0x0000000008006f9c       0x40 ./libs/StdPeriph/src/stm32f10x_i2c.o
                0x0000000008006f9c                I2C_AcknowledgeConfig
 .text.I2C_SendData
                0x0000000008006fdc       0x20 ./libs/StdPeriph/src/stm32f10x_i2c.o
                0x0000000008006fdc                I2C_SendData
 .text.I2C_Send7bitAddress
                0x0000000008006ffc       0x3c ./libs/StdPeriph/src/stm32f10x_i2c.o
                0x0000000008006ffc                I2C_Send7bitAddress
 .text.I2C_CheckEvent
                0x0000000008007038       0x60 ./libs/StdPeriph/src/stm32f10x_i2c.o
                0x0000000008007038                I2C_CheckEvent
 .text.I2C_GetFlagStatus
                0x0000000008007098       0x68 ./libs/StdPeriph/src/stm32f10x_i2c.o
                0x0000000008007098                I2C_GetFlagStatus
 .text.RCC_GetClocksFreq
                0x0000000008007100      0x164 ./libs/StdPeriph/src/stm32f10x_rcc.o
                0x0000000008007100                RCC_GetClocksFreq
 .text.RCC_AHBPeriphClockCmd
                0x0000000008007264       0x3c ./libs/StdPeriph/src/stm32f10x_rcc.o
                0x0000000008007264                RCC_AHBPeriphClockCmd
 .text.RCC_APB2PeriphClockCmd
                0x00000000080072a0       0x3c ./libs/StdPeriph/src/stm32f10x_rcc.o
                0x00000000080072a0                RCC_APB2PeriphClockCmd
 .text.RCC_APB1PeriphClockCmd
                0x00000000080072dc       0x3c ./libs/StdPeriph/src/stm32f10x_rcc.o
                0x00000000080072dc                RCC_APB1PeriphClockCmd
 .text.SPI_Init
                0x0000000008007318       0x88 ./libs/StdPeriph/src/stm32f10x_spi.o
                0x0000000008007318                SPI_Init
 .text.SPI_Cmd  0x00000000080073a0       0x40 ./libs/StdPeriph/src/stm32f10x_spi.o
                0x00000000080073a0                SPI_Cmd
 .text.SPI_I2S_SendData
                0x00000000080073e0       0x1c ./libs/StdPeriph/src/stm32f10x_spi.o
                0x00000000080073e0                SPI_I2S_SendData
 .text.SPI_I2S_ReceiveData
                0x00000000080073fc       0x1c ./libs/StdPeriph/src/stm32f10x_spi.o
                0x00000000080073fc                SPI_I2S_ReceiveData
 .text.SPI_I2S_GetFlagStatus
                0x0000000008007418       0x38 ./libs/StdPeriph/src/stm32f10x_spi.o
                0x0000000008007418                SPI_I2S_GetFlagStatus
 .text.TIM_TimeBaseInit
                0x0000000008007450       0xf8 ./libs/StdPeriph/src/stm32f10x_tim.o
                0x0000000008007450                TIM_TimeBaseInit
 .text.TIM_TimeBaseStructInit
                0x0000000008007548       0x34 ./libs/StdPeriph/src/stm32f10x_tim.o
                0x0000000008007548                TIM_TimeBaseStructInit
 .text.TIM_ARRPreloadConfig
                0x000000000800757c       0x40 ./libs/StdPeriph/src/stm32f10x_tim.o
                0x000000000800757c                TIM_ARRPreloadConfig
 .text.TIM_GetITStatus
                0x00000000080075bc       0x54 ./libs/StdPeriph/src/stm32f10x_tim.o
                0x00000000080075bc                TIM_GetITStatus
 .text.TIM_ClearITPendingBit
                0x0000000008007610       0x20 ./libs/StdPeriph/src/stm32f10x_tim.o
                0x0000000008007610                TIM_ClearITPendingBit
 .text.__libc_init_array
                0x0000000008007630       0x6c ./libs/CMSIS/src/startup_cm.o
                0x0000000008007630                __libc_init_array
 .text.__libc_fini_array
                0x000000000800769c       0x3c ./libs/CMSIS/src/startup_cm.o
                0x000000000800769c                __libc_fini_array
 .text._exit    0x00000000080076d8        0xc ./libs/CMSIS/src/startup_stm32f10x.o
                0x00000000080076d8                _exit
 .text.SystemInit
                0x00000000080076e4       0x68 ./libs/CMSIS/src/system_stm32f10x.o
                0x00000000080076e4                SystemInit
 .text.SetSysClock
                0x000000000800774c        0xc ./libs/CMSIS/src/system_stm32f10x.o
 .text.SetSysClockTo72
                0x0000000008007758      0x100 ./libs/CMSIS/src/system_stm32f10x.o
 .text          0x0000000008007858      0x370 /Users/domenicoamelino/dev/gcc-arm-none-eabi-4_8-2014q1/bin/../lib/gcc/arm-none-eabi/4.8.3/armv7-m/libgcc.a(_arm_addsubdf3.o)
                0x0000000008007858                __aeabi_drsub
                0x0000000008007860                __subdf3
                0x0000000008007860                __aeabi_dsub
                0x0000000008007864                __aeabi_dadd
                0x0000000008007864                __adddf3
                0x0000000008007adc                __aeabi_ui2d
                0x0000000008007adc                __floatunsidf
                0x0000000008007afc                __floatsidf
                0x0000000008007afc                __aeabi_i2d
                0x0000000008007b20                __extendsfdf2
                0x0000000008007b20                __aeabi_f2d
                0x0000000008007b5c                __aeabi_ul2d
                0x0000000008007b5c                __floatundidf
                0x0000000008007b6c                __aeabi_l2d
                0x0000000008007b6c                __floatdidf
 .text          0x0000000008007bc8      0x424 /Users/domenicoamelino/dev/gcc-arm-none-eabi-4_8-2014q1/bin/../lib/gcc/arm-none-eabi/4.8.3/armv7-m/libgcc.a(_arm_muldivdf3.o)
                0x0000000008007bc8                __aeabi_dmul
                0x0000000008007bc8                __muldf3
                0x0000000008007e1c                __aeabi_ddiv
                0x0000000008007e1c                __divdf3
 .text          0x0000000008007fec       0xa0 /Users/domenicoamelino/dev/gcc-arm-none-eabi-4_8-2014q1/bin/../lib/gcc/arm-none-eabi/4.8.3/armv7-m/libgcc.a(_arm_truncdfsf2.o)
                0x0000000008007fec                __aeabi_d2f
                0x0000000008007fec                __truncdfsf2
 .text          0x000000000800808c      0x21c /Users/domenicoamelino/dev/gcc-arm-none-eabi-4_8-2014q1/bin/../lib/gcc/arm-none-eabi/4.8.3/armv7-m/libgcc.a(_arm_addsubsf3.o)
                0x000000000800808c                __aeabi_frsub
                0x0000000008008094                __aeabi_fsub
                0x0000000008008094                __subsf3
                0x0000000008008098                __aeabi_fadd
                0x0000000008008098                __addsf3
                0x00000000080081f8                __aeabi_ui2f
                0x00000000080081f8                __floatunsisf
                0x0000000008008200                __floatsisf
                0x0000000008008200                __aeabi_i2f
                0x000000000800821c                __aeabi_ul2f
                0x000000000800821c                __floatundisf
                0x000000000800822c                __aeabi_l2f
                0x000000000800822c                __floatdisf
 .text          0x00000000080082a8      0x2a0 /Users/domenicoamelino/dev/gcc-arm-none-eabi-4_8-2014q1/bin/../lib/gcc/arm-none-eabi/4.8.3/armv7-m/libgcc.a(_arm_muldivsf3.o)
                0x00000000080082a8                __mulsf3
                0x00000000080082a8                __aeabi_fmul
                0x0000000008008410                __divsf3
                0x0000000008008410                __aeabi_fdiv
 .text          0x0000000008008548       0xec /Users/domenicoamelino/dev/gcc-arm-none-eabi-4_8-2014q1/bin/../lib/gcc/arm-none-eabi/4.8.3/armv7-m/libgcc.a(_arm_cmpsf2.o)
                0x0000000008008548                __gesf2
                0x0000000008008548                __gtsf2
                0x0000000008008550                __ltsf2
                0x0000000008008550                __lesf2
                0x0000000008008558                __nesf2
                0x0000000008008558                __eqsf2
                0x0000000008008558                __cmpsf2
                0x00000000080085b8                __aeabi_cfrcmple
                0x00000000080085c0                __aeabi_cfcmpeq
                0x00000000080085c0                __aeabi_cfcmple
                0x00000000080085d0                __aeabi_fcmpeq
                0x00000000080085e4                __aeabi_fcmplt
                0x00000000080085f8                __aeabi_fcmple
                0x000000000800860c                __aeabi_fcmpge
                0x0000000008008620                __aeabi_fcmpgt
 .text.__errno  0x0000000008008634        0xc /Users/domenicoamelino/dev/gcc-arm-none-eabi-4_8-2014q1/bin/../lib/gcc/arm-none-eabi/4.8.3/../../../../arm-none-eabi/lib/armv7-m/libg.a(lib_a-errno.o)
                0x0000000008008634                __errno
 .text.malloc   0x0000000008008640       0x10 /Users/domenicoamelino/dev/gcc-arm-none-eabi-4_8-2014q1/bin/../lib/gcc/arm-none-eabi/4.8.3/../../../../arm-none-eabi/lib/armv7-m/libg.a(lib_a-malloc.o)
                0x0000000008008640                malloc
 .text.free     0x0000000008008650       0x10 /Users/domenicoamelino/dev/gcc-arm-none-eabi-4_8-2014q1/bin/../lib/gcc/arm-none-eabi/4.8.3/../../../../arm-none-eabi/lib/armv7-m/libg.a(lib_a-malloc.o)
                0x0000000008008650                free
 .text._malloc_r
                0x0000000008008660      0x538 /Users/domenicoamelino/dev/gcc-arm-none-eabi-4_8-2014q1/bin/../lib/gcc/arm-none-eabi/4.8.3/../../../../arm-none-eabi/lib/armv7-m/libg.a(lib_a-mallocr.o)
                0x0000000008008660                _malloc_r
 .text          0x0000000008008b98       0xec /Users/domenicoamelino/dev/gcc-arm-none-eabi-4_8-2014q1/bin/../lib/gcc/arm-none-eabi/4.8.3/../../../../arm-none-eabi/lib/armv7-m/libg.a(lib_a-memcpy.o)
                0x0000000008008b98                memcpy
 .text.__malloc_lock
                0x0000000008008c84        0x4 /Users/domenicoamelino/dev/gcc-arm-none-eabi-4_8-2014q1/bin/../lib/gcc/arm-none-eabi/4.8.3/../../../../arm-none-eabi/lib/armv7-m/libg.a(lib_a-mlock.o)
                0x0000000008008c84                __malloc_lock
 .text.__malloc_unlock
                0x0000000008008c88        0x4 /Users/domenicoamelino/dev/gcc-arm-none-eabi-4_8-2014q1/bin/../lib/gcc/arm-none-eabi/4.8.3/../../../../arm-none-eabi/lib/armv7-m/libg.a(lib_a-mlock.o)
                0x0000000008008c88                __malloc_unlock
 .text.putchar  0x0000000008008c8c       0x10 /Users/domenicoamelino/dev/gcc-arm-none-eabi-4_8-2014q1/bin/../lib/gcc/arm-none-eabi/4.8.3/../../../../arm-none-eabi/lib/armv7-m/libg.a(lib_a-putchar.o)
                0x0000000008008c8c                putchar
 .text._sbrk_r  0x0000000008008c9c       0x24 /Users/domenicoamelino/dev/gcc-arm-none-eabi-4_8-2014q1/bin/../lib/gcc/arm-none-eabi/4.8.3/../../../../arm-none-eabi/lib/armv7-m/libg.a(lib_a-sbrkr.o)
                0x0000000008008c9c                _sbrk_r
 .text.strlen   0x0000000008008cc0       0x60 /Users/domenicoamelino/dev/gcc-arm-none-eabi-4_8-2014q1/bin/../lib/gcc/arm-none-eabi/4.8.3/../../../../arm-none-eabi/lib/armv7-m/libg.a(lib_a-strlen.o)
                0x0000000008008cc0                strlen
 .text._malloc_trim_r
                0x0000000008008d20       0x9c /Users/domenicoamelino/dev/gcc-arm-none-eabi-4_8-2014q1/bin/../lib/gcc/arm-none-eabi/4.8.3/../../../../arm-none-eabi/lib/armv7-m/libg.a(lib_a-freer.o)
                0x0000000008008d20                _malloc_trim_r
 .text._free_r  0x0000000008008dbc      0x198 /Users/domenicoamelino/dev/gcc-arm-none-eabi-4_8-2014q1/bin/../lib/gcc/arm-none-eabi/4.8.3/../../../../arm-none-eabi/lib/armv7-m/libg.a(lib_a-freer.o)
                0x0000000008008dbc                _free_r
 .text._putc_r  0x0000000008008f54       0x58 /Users/domenicoamelino/dev/gcc-arm-none-eabi-4_8-2014q1/bin/../lib/gcc/arm-none-eabi/4.8.3/../../../../arm-none-eabi/lib/armv7-m/libg.a(lib_a-putc.o)
                0x0000000008008f54                _putc_r
 .text.__swbuf_r
                0x0000000008008fac       0xa8 /Users/domenicoamelino/dev/gcc-arm-none-eabi-4_8-2014q1/bin/../lib/gcc/arm-none-eabi/4.8.3/../../../../arm-none-eabi/lib/armv7-m/libg.a(lib_a-wbuf.o)
                0x0000000008008fac                __swbuf_r
 .text.__swsetup_r
                0x0000000008009054       0xc4 /Users/domenicoamelino/dev/gcc-arm-none-eabi-4_8-2014q1/bin/../lib/gcc/arm-none-eabi/4.8.3/../../../../arm-none-eabi/lib/armv7-m/libg.a(lib_a-wsetup.o)
                0x0000000008009054                __swsetup_r
 .text.__sflush_r
                0x0000000008009118      0x148 /Users/domenicoamelino/dev/gcc-arm-none-eabi-4_8-2014q1/bin/../lib/gcc/arm-none-eabi/4.8.3/../../../../arm-none-eabi/lib/armv7-m/libg.a(lib_a-fflush.o)
                0x0000000008009118                __sflush_r
 .text._fflush_r
                0x0000000008009260       0x2c /Users/domenicoamelino/dev/gcc-arm-none-eabi-4_8-2014q1/bin/../lib/gcc/arm-none-eabi/4.8.3/../../../../arm-none-eabi/lib/armv7-m/libg.a(lib_a-fflush.o)
                0x0000000008009260                _fflush_r
 .text._cleanup_r
                0x000000000800928c        0xc /Users/domenicoamelino/dev/gcc-arm-none-eabi-4_8-2014q1/bin/../lib/gcc/arm-none-eabi/4.8.3/../../../../arm-none-eabi/lib/armv7-m/libg.a(lib_a-findfp.o)
                0x000000000800928c                _cleanup_r
 .text.__sinit  0x0000000008009298       0xf4 /Users/domenicoamelino/dev/gcc-arm-none-eabi-4_8-2014q1/bin/../lib/gcc/arm-none-eabi/4.8.3/../../../../arm-none-eabi/lib/armv7-m/libg.a(lib_a-findfp.o)
                0x0000000008009298                __sinit
 .text.__sfp_lock_acquire
                0x000000000800938c        0x4 /Users/domenicoamelino/dev/gcc-arm-none-eabi-4_8-2014q1/bin/../lib/gcc/arm-none-eabi/4.8.3/../../../../arm-none-eabi/lib/armv7-m/libg.a(lib_a-findfp.o)
                0x000000000800938c                __sfp_lock_acquire
 .text.__sfp_lock_release
                0x0000000008009390        0x4 /Users/domenicoamelino/dev/gcc-arm-none-eabi-4_8-2014q1/bin/../lib/gcc/arm-none-eabi/4.8.3/../../../../arm-none-eabi/lib/armv7-m/libg.a(lib_a-findfp.o)
                0x0000000008009390                __sfp_lock_release
 .text._fwalk   0x0000000008009394       0x48 /Users/domenicoamelino/dev/gcc-arm-none-eabi-4_8-2014q1/bin/../lib/gcc/arm-none-eabi/4.8.3/../../../../arm-none-eabi/lib/armv7-m/libg.a(lib_a-fwalk.o)
                0x0000000008009394                _fwalk
 .text.__smakebuf_r
                0x00000000080093dc       0xe0 /Users/domenicoamelino/dev/gcc-arm-none-eabi-4_8-2014q1/bin/../lib/gcc/arm-none-eabi/4.8.3/../../../../arm-none-eabi/lib/armv7-m/libg.a(lib_a-makebuf.o)
                0x00000000080093dc                __smakebuf_r
 .text.memset   0x00000000080094bc       0x94 /Users/domenicoamelino/dev/gcc-arm-none-eabi-4_8-2014q1/bin/../lib/gcc/arm-none-eabi/4.8.3/../../../../arm-none-eabi/lib/armv7-m/libg.a(lib_a-memset.o)
                0x00000000080094bc                memset
 .text.__fpclassifyd
                0x0000000008009550       0x50 /Users/domenicoamelino/dev/gcc-arm-none-eabi-4_8-2014q1/bin/../lib/gcc/arm-none-eabi/4.8.3/../../../../arm-none-eabi/lib/armv7-m/libg.a(lib_a-s_fpclassify.o)
                0x0000000008009550                __fpclassifyd
 .text.__sread  0x00000000080095a0       0x24 /Users/domenicoamelino/dev/gcc-arm-none-eabi-4_8-2014q1/bin/../lib/gcc/arm-none-eabi/4.8.3/../../../../arm-none-eabi/lib/armv7-m/libg.a(lib_a-stdio.o)
                0x00000000080095a0                __sread
 .text.__swrite
                0x00000000080095c4       0x38 /Users/domenicoamelino/dev/gcc-arm-none-eabi-4_8-2014q1/bin/../lib/gcc/arm-none-eabi/4.8.3/../../../../arm-none-eabi/lib/armv7-m/libg.a(lib_a-stdio.o)
                0x00000000080095c4                __swrite
 .text.__sseek  0x00000000080095fc       0x20 /Users/domenicoamelino/dev/gcc-arm-none-eabi-4_8-2014q1/bin/../lib/gcc/arm-none-eabi/4.8.3/../../../../arm-none-eabi/lib/armv7-m/libg.a(lib_a-stdio.o)
                0x00000000080095fc                __sseek
 .text.__sclose
                0x000000000800961c        0x8 /Users/domenicoamelino/dev/gcc-arm-none-eabi-4_8-2014q1/bin/../lib/gcc/arm-none-eabi/4.8.3/../../../../arm-none-eabi/lib/armv7-m/libg.a(lib_a-stdio.o)
                0x000000000800961c                __sclose
 .text._write_r
                0x0000000008009624       0x28 /Users/domenicoamelino/dev/gcc-arm-none-eabi-4_8-2014q1/bin/../lib/gcc/arm-none-eabi/4.8.3/../../../../arm-none-eabi/lib/armv7-m/libg.a(lib_a-writer.o)
                0x0000000008009624                _write_r
 .text._close_r
                0x000000000800964c       0x24 /Users/domenicoamelino/dev/gcc-arm-none-eabi-4_8-2014q1/bin/../lib/gcc/arm-none-eabi/4.8.3/../../../../arm-none-eabi/lib/armv7-m/libg.a(lib_a-closer.o)
                0x000000000800964c                _close_r
 .text._fclose_r
                0x0000000008009670       0x80 /Users/domenicoamelino/dev/gcc-arm-none-eabi-4_8-2014q1/bin/../lib/gcc/arm-none-eabi/4.8.3/../../../../arm-none-eabi/lib/armv7-m/libg.a(lib_a-fclose.o)
                0x0000000008009670                _fclose_r
 .text.fclose   0x00000000080096f0       0x10 /Users/domenicoamelino/dev/gcc-arm-none-eabi-4_8-2014q1/bin/../lib/gcc/arm-none-eabi/4.8.3/../../../../arm-none-eabi/lib/armv7-m/libg.a(lib_a-fclose.o)
                0x00000000080096f0                fclose
 .text._fstat_r
                0x0000000008009700       0x28 /Users/domenicoamelino/dev/gcc-arm-none-eabi-4_8-2014q1/bin/../lib/gcc/arm-none-eabi/4.8.3/../../../../arm-none-eabi/lib/armv7-m/libg.a(lib_a-fstatr.o)
                0x0000000008009700                _fstat_r
 .text._isatty_r
                0x0000000008009728       0x24 /Users/domenicoamelino/dev/gcc-arm-none-eabi-4_8-2014q1/bin/../lib/gcc/arm-none-eabi/4.8.3/../../../../arm-none-eabi/lib/armv7-m/libg.a(lib_a-isattyr.o)
                0x0000000008009728                _isatty_r
 .text._lseek_r
                0x000000000800974c       0x28 /Users/domenicoamelino/dev/gcc-arm-none-eabi-4_8-2014q1/bin/../lib/gcc/arm-none-eabi/4.8.3/../../../../arm-none-eabi/lib/armv7-m/libg.a(lib_a-lseekr.o)
                0x000000000800974c                _lseek_r
 .text._read_r  0x0000000008009774       0x28 /Users/domenicoamelino/dev/gcc-arm-none-eabi-4_8-2014q1/bin/../lib/gcc/arm-none-eabi/4.8.3/../../../../arm-none-eabi/lib/armv7-m/libg.a(lib_a-readr.o)
                0x0000000008009774                _read_r
 .text          0x000000000800979c      0x110 /Users/domenicoamelino/dev/gcc-arm-none-eabi-4_8-2014q1/bin/../lib/gcc/arm-none-eabi/4.8.3/armv7-m/libgcc.a(_arm_cmpdf2.o)
                0x000000000800979c                __gtdf2
                0x000000000800979c                __gedf2
                0x00000000080097a4                __ltdf2
                0x00000000080097a4                __ledf2
                0x00000000080097ac                __eqdf2
                0x00000000080097ac                __nedf2
                0x00000000080097ac                __cmpdf2
                0x0000000008009828                __aeabi_cdrcmple
                0x0000000008009838                __aeabi_cdcmple
                0x0000000008009838                __aeabi_cdcmpeq
                0x0000000008009848                __aeabi_dcmpeq
                0x000000000800985c                __aeabi_dcmplt
                0x0000000008009870                __aeabi_dcmple
                0x0000000008009884                __aeabi_dcmpge
                0x0000000008009898                __aeabi_dcmpgt
 .text.asin     0x00000000080098ac       0xa8 /Users/domenicoamelino/dev/gcc-arm-none-eabi-4_8-2014q1/bin/../lib/gcc/arm-none-eabi/4.8.3/../../../../arm-none-eabi/lib/armv7-m/libm.a(lib_a-w_asin.o)
                0x00000000080098ac                asin
 .text.atan2    0x0000000008009954        0x4 /Users/domenicoamelino/dev/gcc-arm-none-eabi-4_8-2014q1/bin/../lib/gcc/arm-none-eabi/4.8.3/../../../../arm-none-eabi/lib/armv7-m/libm.a(lib_a-w_atan2.o)
                0x0000000008009954                atan2
 .text.sqrt     0x0000000008009958       0xac /Users/domenicoamelino/dev/gcc-arm-none-eabi-4_8-2014q1/bin/../lib/gcc/arm-none-eabi/4.8.3/../../../../arm-none-eabi/lib/armv7-m/libm.a(lib_a-w_sqrt.o)
                0x0000000008009958                sqrt
 *fill*         0x0000000008009a04        0x4 
 .text.__ieee754_asin
                0x0000000008009a08      0x470 /Users/domenicoamelino/dev/gcc-arm-none-eabi-4_8-2014q1/bin/../lib/gcc/arm-none-eabi/4.8.3/../../../../arm-none-eabi/lib/armv7-m/libm.a(lib_a-e_asin.o)
                0x0000000008009a08                __ieee754_asin
 .text.__ieee754_atan2
                0x0000000008009e78      0x1f0 /Users/domenicoamelino/dev/gcc-arm-none-eabi-4_8-2014q1/bin/../lib/gcc/arm-none-eabi/4.8.3/../../../../arm-none-eabi/lib/armv7-m/libm.a(lib_a-e_atan2.o)
                0x0000000008009e78                __ieee754_atan2
 .text.__ieee754_sqrt
                0x000000000800a068      0x180 /Users/domenicoamelino/dev/gcc-arm-none-eabi-4_8-2014q1/bin/../lib/gcc/arm-none-eabi/4.8.3/../../../../arm-none-eabi/lib/armv7-m/libm.a(lib_a-e_sqrt.o)
                0x000000000800a068                __ieee754_sqrt
 .text.atan     0x000000000800a1e8      0x350 /Users/domenicoamelino/dev/gcc-arm-none-eabi-4_8-2014q1/bin/../lib/gcc/arm-none-eabi/4.8.3/../../../../arm-none-eabi/lib/armv7-m/libm.a(lib_a-s_atan.o)
                0x000000000800a1e8                atan
 .text.fabs     0x000000000800a538        0x8 /Users/domenicoamelino/dev/gcc-arm-none-eabi-4_8-2014q1/bin/../lib/gcc/arm-none-eabi/4.8.3/../../../../arm-none-eabi/lib/armv7-m/libm.a(lib_a-s_fabs.o)
                0x000000000800a538                fabs
 .text.matherr  0x000000000800a540        0x4 /Users/domenicoamelino/dev/gcc-arm-none-eabi-4_8-2014q1/bin/../lib/gcc/arm-none-eabi/4.8.3/../../../../arm-none-eabi/lib/armv7-m/libm.a(lib_a-s_matherr.o)
                0x000000000800a540                matherr
 .text.nan      0x000000000800a544        0xc /Users/domenicoamelino/dev/gcc-arm-none-eabi-4_8-2014q1/bin/../lib/gcc/arm-none-eabi/4.8.3/../../../../arm-none-eabi/lib/armv7-m/libm.a(lib_a-s_nan.o)
                0x000000000800a544                nan
 .text._close   0x000000000800a550       0x10 /Users/domenicoamelino/dev/gcc-arm-none-eabi-4_8-2014q1/bin/../lib/gcc/arm-none-eabi/4.8.3/../../../../arm-none-eabi/lib/armv7-m/libnosys.a(close.o)
                0x000000000800a550                _close
 .text._fstat   0x000000000800a560       0x10 /Users/domenicoamelino/dev/gcc-arm-none-eabi-4_8-2014q1/bin/../lib/gcc/arm-none-eabi/4.8.3/../../../../arm-none-eabi/lib/armv7-m/libnosys.a(fstat.o)
                0x000000000800a560                _fstat
 .text._isatty  0x000000000800a570       0x10 /Users/domenicoamelino/dev/gcc-arm-none-eabi-4_8-2014q1/bin/../lib/gcc/arm-none-eabi/4.8.3/../../../../arm-none-eabi/lib/armv7-m/libnosys.a(isatty.o)
                0x000000000800a570                _isatty
 .text._lseek   0x000000000800a580       0x10 /Users/domenicoamelino/dev/gcc-arm-none-eabi-4_8-2014q1/bin/../lib/gcc/arm-none-eabi/4.8.3/../../../../arm-none-eabi/lib/armv7-m/libnosys.a(lseek.o)
                0x000000000800a580                _lseek
 .text._read    0x000000000800a590       0x10 /Users/domenicoamelino/dev/gcc-arm-none-eabi-4_8-2014q1/bin/../lib/gcc/arm-none-eabi/4.8.3/../../../../arm-none-eabi/lib/armv7-m/libnosys.a(read.o)
                0x000000000800a590                _read
 *(.rodata .rodata.*)
 .rodata.g_vectcVCPortDeviceDescriptor
                0x000000000800a5a0       0x14 ./src/STM32F1_VirtualCom/Source/src/STM32F1_VC_Desc.o
                0x000000000800a5a0                g_vectcVCPortDeviceDescriptor
 .rodata.g_vectcVCPortConfigDescriptor
                0x000000000800a5b4       0x44 ./src/STM32F1_VirtualCom/Source/src/STM32F1_VC_Desc.o
                0x000000000800a5b4                g_vectcVCPortConfigDescriptor
 .rodata.g_vectcVCPortStringLangID
                0x000000000800a5f8        0x4 ./src/STM32F1_VirtualCom/Source/src/STM32F1_VC_Desc.o
                0x000000000800a5f8                g_vectcVCPortStringLangID
 .rodata.g_vectcVCPortStringVendor
                0x000000000800a5fc       0x28 ./src/STM32F1_VirtualCom/Source/src/STM32F1_VC_Desc.o
                0x000000000800a5fc                g_vectcVCPortStringVendor
 .rodata.g_vectcVCPortStringProduct
                0x000000000800a624       0x48 ./src/STM32F1_VirtualCom/Source/src/STM32F1_VC_Desc.o
                0x000000000800a624                g_vectcVCPortStringProduct
 .rodata        0x000000000800a66c       0xc0 ./src/main.o
 .rodata        0x000000000800a72c        0x4 ./src/tiny_printf.o
 .rodata        0x000000000800a730       0x60 ./src/tm_inemo_nrf24l01.o
 .rodata.str1.4
                0x000000000800a790        0x2 /Users/domenicoamelino/dev/gcc-arm-none-eabi-4_8-2014q1/bin/../lib/gcc/arm-none-eabi/4.8.3/../../../../arm-none-eabi/lib/armv7-m/libg.a(lib_a-impure.o)
                                          0x4 (size before relaxing)
 *fill*         0x000000000800a792        0x2 
 .rodata.str1.4
                0x000000000800a794        0x5 /Users/domenicoamelino/dev/gcc-arm-none-eabi-4_8-2014q1/bin/../lib/gcc/arm-none-eabi/4.8.3/../../../../arm-none-eabi/lib/armv7-m/libm.a(lib_a-w_asin.o)
                                          0xc (size before relaxing)
 *fill*         0x000000000800a799        0x3 
 .rodata.str1.4
                0x000000000800a79c        0x8 /Users/domenicoamelino/dev/gcc-arm-none-eabi-4_8-2014q1/bin/../lib/gcc/arm-none-eabi/4.8.3/../../../../arm-none-eabi/lib/armv7-m/libm.a(lib_a-w_sqrt.o)
 *fill*         0x000000000800a7a4        0x4 
 .rodata.atanlo
                0x000000000800a7a8       0x20 /Users/domenicoamelino/dev/gcc-arm-none-eabi-4_8-2014q1/bin/../lib/gcc/arm-none-eabi/4.8.3/../../../../arm-none-eabi/lib/armv7-m/libm.a(lib_a-s_atan.o)
 .rodata.atanhi
                0x000000000800a7c8       0x20 /Users/domenicoamelino/dev/gcc-arm-none-eabi-4_8-2014q1/bin/../lib/gcc/arm-none-eabi/4.8.3/../../../../arm-none-eabi/lib/armv7-m/libm.a(lib_a-s_atan.o)
 *(.eh_frame*)
 *(.glue_7)
 .glue_7        0x0000000000000000        0x0 linker stubs
 *(.glue_7t)
 .glue_7t       0x0000000000000000        0x0 linker stubs

.vfp11_veneer   0x000000000800a7e8        0x0
 .vfp11_veneer  0x0000000000000000        0x0 linker stubs

.v4_bx          0x000000000800a7e8        0x0
 .v4_bx         0x0000000000000000        0x0 linker stubs

.iplt           0x000000000800a7e8        0x0
 .iplt          0x0000000000000000        0x0 ./src/iNemo_Led/iNemoLed.o

.rel.dyn        0x000000000800a7e8        0x0
 .rel.iplt      0x0000000000000000        0x0 ./src/iNemo_Led/iNemoLed.o

.ARM.extab
 *(.ARM.extab* .gnu.linkonce.armextab.*)
                0x000000000800a7e8                __exidx_start = .

.ARM.exidx
 *(.ARM.exidx* .gnu.linkonce.armexidx.*)
                0x000000000800a7e8                __exidx_end = .
                0x000000000800a7e8                . = ALIGN (0x4)
                0x000000000800a7e8                _etext = .
                0x000000000800a7e8                _sidata = _etext

.ROarraySection
 *(.ROarraySection .ROarraySection.*)

.data           0x0000000020000000      0x920 load address 0x000000000800a7e8
                0x0000000020000000                . = ALIGN (0x4)
                0x0000000020000000                _sdata = .
                0x0000000020000000                __data_start__ = .
 *(vtable)
 *(.data .data.*)
 .data.LED_PORT
                0x0000000020000000        0x4 ./src/iNemo_Led/iNemoLed.o
                0x0000000020000000                LED_PORT
 .data.g_vectcVCPortStringSerial
                0x0000000020000004       0x1c ./src/STM32F1_VirtualCom/Source/src/STM32F1_VC_Desc.o
                0x0000000020000004                g_vectcVCPortStringSerial
 .data.pEpInt_IN
                0x0000000020000020       0x1c ./src/STM32F1_VirtualCom/Source/src/STM32F1_VC_Istr.o
                0x0000000020000020                pEpInt_IN
 .data.pEpInt_OUT
                0x000000002000003c       0x1c ./src/STM32F1_VirtualCom/Source/src/STM32F1_VC_Istr.o
                0x000000002000003c                pEpInt_OUT
 .data.linecoding
                0x0000000020000058        0x8 ./src/STM32F1_VirtualCom/Source/src/STM32F1_VC_Prop.o
                0x0000000020000058                linecoding
 .data.Device_Table
                0x0000000020000060        0x4 ./src/STM32F1_VirtualCom/Source/src/STM32F1_VC_Prop.o
                0x0000000020000060                Device_Table
 .data.Device_Property
                0x0000000020000064       0x30 ./src/STM32F1_VirtualCom/Source/src/STM32F1_VC_Prop.o
                0x0000000020000064                Device_Property
 .data.Device_Descriptor
                0x0000000020000094        0x8 ./src/STM32F1_VirtualCom/Source/src/STM32F1_VC_Prop.o
                0x0000000020000094                Device_Descriptor
 .data.Config_Descriptor
                0x000000002000009c        0x8 ./src/STM32F1_VirtualCom/Source/src/STM32F1_VC_Prop.o
                0x000000002000009c                Config_Descriptor
 .data.String_Descriptor
                0x00000000200000a4       0x20 ./src/STM32F1_VirtualCom/Source/src/STM32F1_VC_Prop.o
                0x00000000200000a4                String_Descriptor
 .data.BUTTON_PORT
                0x00000000200000c4        0x4 ./src/iNEMO_Button.o
                0x00000000200000c4                BUTTON_PORT
 .data.APBAHBPrescTable
                0x00000000200000c8       0x10 ./libs/StdPeriph/src/stm32f10x_rcc.o
 .data.ADCPrescTable
                0x00000000200000d8        0x4 ./libs/StdPeriph/src/stm32f10x_rcc.o
 .data.SystemCoreClock
                0x00000000200000dc        0x4 ./libs/CMSIS/src/system_stm32f10x.o
                0x00000000200000dc                SystemCoreClock
 .data.impure_data
                0x00000000200000e0      0x428 /Users/domenicoamelino/dev/gcc-arm-none-eabi-4_8-2014q1/bin/../lib/gcc/arm-none-eabi/4.8.3/../../../../arm-none-eabi/lib/armv7-m/libg.a(lib_a-impure.o)
 .data._impure_ptr
                0x0000000020000508        0x4 /Users/domenicoamelino/dev/gcc-arm-none-eabi-4_8-2014q1/bin/../lib/gcc/arm-none-eabi/4.8.3/../../../../arm-none-eabi/lib/armv7-m/libg.a(lib_a-impure.o)
                0x0000000020000508                _impure_ptr
 .data.__malloc_av_
                0x000000002000050c      0x408 /Users/domenicoamelino/dev/gcc-arm-none-eabi-4_8-2014q1/bin/../lib/gcc/arm-none-eabi/4.8.3/../../../../arm-none-eabi/lib/armv7-m/libg.a(lib_a-mallocr.o)
                0x000000002000050c                __malloc_av_
 .data.__malloc_trim_threshold
                0x0000000020000914        0x4 /Users/domenicoamelino/dev/gcc-arm-none-eabi-4_8-2014q1/bin/../lib/gcc/arm-none-eabi/4.8.3/../../../../arm-none-eabi/lib/armv7-m/libg.a(lib_a-mallocr.o)
                0x0000000020000914                __malloc_trim_threshold
 .data.__malloc_sbrk_base
                0x0000000020000918        0x4 /Users/domenicoamelino/dev/gcc-arm-none-eabi-4_8-2014q1/bin/../lib/gcc/arm-none-eabi/4.8.3/../../../../arm-none-eabi/lib/armv7-m/libg.a(lib_a-mallocr.o)
                0x0000000020000918                __malloc_sbrk_base
 .data.__fdlib_version
                0x000000002000091c        0x1 /Users/domenicoamelino/dev/gcc-arm-none-eabi-4_8-2014q1/bin/../lib/gcc/arm-none-eabi/4.8.3/../../../../arm-none-eabi/lib/armv7-m/libm.a(lib_a-s_lib_ver.o)
                0x000000002000091c                __fdlib_version
                0x0000000020000920                . = ALIGN (0x4)
 *fill*         0x000000002000091d        0x3 
                0x0000000020000920                _edata = .
                0x0000000020000920                __data_end__ = .

.igot.plt       0x0000000020000920        0x0 load address 0x000000000800b108
 .igot.plt      0x0000000000000000        0x0 ./src/iNemo_Led/iNemoLed.o

.bss            0x0000000020000920      0x3d8 load address 0x000000000800b108
                0x0000000020000920                . = ALIGN (0x4)
                0x0000000020000920                __bss_start__ = .
                0x0000000020000920                _sbss = .
 *(.bss .bss.*)
 .bss.pcDmaBuffer.6883
                0x0000000020000920       0xc8 ./src/iNEMO_M1_SensorDrivers/Source/src/iNEMO_I2C_Driver.o
 .bss.Data_Mul_MaxPacketSize
                0x00000000200009e8        0x1 ./src/STM32_USB-FS-Device_Lib/Source/Libraries/STM32_USB-FS-Device_Driver/src/usb_core.o
                0x00000000200009e8                Data_Mul_MaxPacketSize
 *fill*         0x00000000200009e9        0x3 
 .bss.g_lVCNbBytesReceived
                0x00000000200009ec        0x4 ./src/STM32F1_VirtualCom/Source/src/STM32F1_VC_Endp.o
                0x00000000200009ec                g_lVCNbBytesReceived
 .bss.bIntPackSOF
                0x00000000200009f0        0x1 ./src/STM32F1_VirtualCom/Source/src/STM32F1_VC_Istr.o
                0x00000000200009f0                bIntPackSOF
 .bss.Request   0x00000000200009f1        0x1 ./src/STM32F1_VirtualCom/Source/src/STM32F1_VC_Prop.o
                0x00000000200009f1                Request
 *fill*         0x00000000200009f2        0x2 
 .bss.bDeviceState
                0x00000000200009f4        0x4 ./src/STM32F1_VirtualCom/Source/src/STM32F1_VC_Pwr.o
                0x00000000200009f4                bDeviceState
 .bss.timer     0x00000000200009f8        0x4 ./src/main.o
                0x00000000200009f8                timer
 .bss.i         0x00000000200009fc        0x4 ./src/main.o
                0x00000000200009fc                i
 .bss.xEulerAngles
                0x0000000020000a00        0xc ./src/main.o
                0x0000000020000a00                xEulerAngles
 .bss.xQuat     0x0000000020000a0c       0x10 ./src/main.o
                0x0000000020000a0c                xQuat
 .bss.xTim2Raised
                0x0000000020000a1c        0x1 ./src/main.o
                0x0000000020000a1c                xTim2Raised
 *fill*         0x0000000020000a1d        0x3 
 .bss.current_heap_end.4284
                0x0000000020000a20        0x4 ./libs/misc/src/_sbrk.o
 .bss.isInitialised.4064
                0x0000000020000a24        0x4 ./libs/misc/src/trace_impl.o
 .bss.__malloc_max_total_mem
                0x0000000020000a28        0x4 /Users/domenicoamelino/dev/gcc-arm-none-eabi-4_8-2014q1/bin/../lib/gcc/arm-none-eabi/4.8.3/../../../../arm-none-eabi/lib/armv7-m/libg.a(lib_a-mallocr.o)
                0x0000000020000a28                __malloc_max_total_mem
 .bss.__malloc_max_sbrked_mem
                0x0000000020000a2c        0x4 /Users/domenicoamelino/dev/gcc-arm-none-eabi-4_8-2014q1/bin/../lib/gcc/arm-none-eabi/4.8.3/../../../../arm-none-eabi/lib/armv7-m/libg.a(lib_a-mallocr.o)
                0x0000000020000a2c                __malloc_max_sbrked_mem
 .bss.__malloc_top_pad
                0x0000000020000a30        0x4 /Users/domenicoamelino/dev/gcc-arm-none-eabi-4_8-2014q1/bin/../lib/gcc/arm-none-eabi/4.8.3/../../../../arm-none-eabi/lib/armv7-m/libg.a(lib_a-mallocr.o)
                0x0000000020000a30                __malloc_top_pad
 .bss.__malloc_current_mallinfo
                0x0000000020000a34       0x28 /Users/domenicoamelino/dev/gcc-arm-none-eabi-4_8-2014q1/bin/../lib/gcc/arm-none-eabi/4.8.3/../../../../arm-none-eabi/lib/armv7-m/libg.a(lib_a-mallocr.o)
                0x0000000020000a34                __malloc_current_mallinfo
 *(COMMON)
 COMMON         0x0000000020000a5c       0x2c ./src/iNEMO_M1_SensorDrivers/Source/src/iNEMO_I2C_Driver.o
                0x0000000020000a5c                I2CDMA_InitStructure
 COMMON         0x0000000020000a88       0x50 ./src/iNEMO_AHRS_v121/src/iNEMO_AHRS.o
                0x0000000020000a88                fAccRef
                0x0000000020000a8c                fMagRef
                0x0000000020000a90                fHalfDt
                0x0000000020000a94                pMat_Hja
                0x0000000020000a98                pMat_Hjm
                0x0000000020000a9c                pMat_Km
                0x0000000020000aa0                pMat_Pnew
                0x0000000020000aa4                pMat_Ka
                0x0000000020000aa8                pMat_Ra
                0x0000000020000aac                pMat_Rm
                0x0000000020000ab0                fSV
                0x0000000020000acc                pMat_P
                0x0000000020000ad0                pMat_Fsys
                0x0000000020000ad4                pMat_Q
 COMMON         0x0000000020000ad8        0x2 ./src/STM32_USB-FS-Device_Lib/Source/Libraries/STM32_USB-FS-Device_Driver/src/usb_core.o
                0x0000000020000ad8                StatusInfo
 *fill*         0x0000000020000ada        0x2 
 COMMON         0x0000000020000adc       0x32 ./src/STM32_USB-FS-Device_Lib/Source/Libraries/STM32_USB-FS-Device_Driver/src/usb_init.o
                0x0000000020000adc                SaveState
                0x0000000020000ae0                pProperty
                0x0000000020000ae4                EPindex
                0x0000000020000ae8                Device_Info
                0x0000000020000b04                pUser_Standard_Requests
                0x0000000020000b08                pInformation
                0x0000000020000b0c                wInterrupt_Mask
 COMMON         0x0000000020000b0e        0x4 ./src/STM32_USB-FS-Device_Lib/Source/Libraries/STM32_USB-FS-Device_Driver/src/usb_int.o
                0x0000000020000b0e                SaveRState
                0x0000000020000b10                SaveTState
 *fill*         0x0000000020000b12        0x2 
 COMMON         0x0000000020000b14       0x40 ./src/STM32F1_VirtualCom/Source/src/STM32F1_VC_Endp.o
                0x0000000020000b14                g_vectcVCRxBuffer
 COMMON         0x0000000020000b54        0x2 ./src/STM32F1_VirtualCom/Source/src/STM32F1_VC_Istr.o
                0x0000000020000b54                wIstr
 *fill*         0x0000000020000b56        0x2 
 COMMON         0x0000000020000b58      0x158 ./src/main.o
                0x0000000020000b58                LSMAccInitStructure
                0x0000000020000b60                fMagXYZ
                0x0000000020000b6c                LSMAccFilterInitStructure
                0x0000000020000b74                endofdata
                0x0000000020000b7e                transmissionStatus
                0x0000000020000b80                xSensorData
                0x0000000020000c18                fAccXYZ
                0x0000000020000c24                dataOut
                0x0000000020000c44                LSMMagInitStructure
                0x0000000020000c48                send_data
                0x0000000020000c5c                dataRec
                0x0000000020000c9c                L3GInitStructure
                0x0000000020000ca4                fGyroXYZ
 COMMON         0x0000000020000cb0       0x42 ./src/tm_inemo_nrf24l01.o
                0x0000000020000cb0                TM_NRF24L01_Struct
                0x0000000020000cb4                ricBuffer
 *fill*         0x0000000020000cf2        0x2 
 COMMON         0x0000000020000cf4        0x4 /Users/domenicoamelino/dev/gcc-arm-none-eabi-4_8-2014q1/bin/../lib/gcc/arm-none-eabi/4.8.3/../../../../arm-none-eabi/lib/armv7-m/libg.a(lib_a-reent.o)
                0x0000000020000cf4                errno
                0x0000000020000cf8                . = ALIGN (0x4)
                0x0000000020000cf8                __bss_end__ = .
                0x0000000020000cf8                _ebss = .

.noinit         0x0000000020000cf8        0x0
                0x0000000020000cf8                . = ALIGN (0x4)
                0x0000000020000cf8                _noinit = .
 *(.noinit .noinit.*)
                0x0000000020000cf8                . = ALIGN (0x4)
                0x0000000020000cf8                _end_noinit = .
                0x0000000020000cf8                PROVIDE (end, _end_noinit)
                0x0000000020000cf8                PROVIDE (_end, _end_noinit)
                0x0000000020000cf8                PROVIDE (__end, _end_noinit)
                0x0000000020000cf8                PROVIDE (__end__, _end_noinit)

._check_stack   0x0000000020000cf8      0x100 load address 0x000000000800b4e0
                0x0000000020000cf8                . = ALIGN (0x4)
                0x0000000020000df8                . = (. + _Minimum_Stack_Size)
 *fill*         0x0000000020000cf8      0x100 
                0x0000000020000df8                . = ALIGN (0x4)

.bss_CCMRAM
 *(.bss.CCMRAM .bss.CCMRAM.*)

.b1text
 *(.b1text)
 *(.b1rodata)
 *(.b1rodata.*)

.eb0text
 *(.eb0text)
 *(.eb0rodata)
 *(.eb0rodata.*)

.eb1text
 *(.eb1text)
 *(.eb1rodata)
 *(.eb1rodata.*)

.eb2text
 *(.eb2text)
 *(.eb2rodata)
 *(.eb2rodata.*)

.eb3text
 *(.eb3text)
 *(.eb3rodata)
 *(.eb3rodata.*)

.stab           0x0000000000000000       0x84
 *(.stab)
 .stab          0x0000000000000000       0x24 /Users/domenicoamelino/dev/gcc-arm-none-eabi-4_8-2014q1/bin/../lib/gcc/arm-none-eabi/4.8.3/../../../../arm-none-eabi/lib/armv7-m/libnosys.a(close.o)
 .stab          0x0000000000000024       0x18 /Users/domenicoamelino/dev/gcc-arm-none-eabi-4_8-2014q1/bin/../lib/gcc/arm-none-eabi/4.8.3/../../../../arm-none-eabi/lib/armv7-m/libnosys.a(fstat.o)
                                         0x24 (size before relaxing)
 .stab          0x000000000000003c       0x18 /Users/domenicoamelino/dev/gcc-arm-none-eabi-4_8-2014q1/bin/../lib/gcc/arm-none-eabi/4.8.3/../../../../arm-none-eabi/lib/armv7-m/libnosys.a(isatty.o)
                                         0x24 (size before relaxing)
 .stab          0x0000000000000054       0x18 /Users/domenicoamelino/dev/gcc-arm-none-eabi-4_8-2014q1/bin/../lib/gcc/arm-none-eabi/4.8.3/../../../../arm-none-eabi/lib/armv7-m/libnosys.a(lseek.o)
                                         0x24 (size before relaxing)
 .stab          0x000000000000006c       0x18 /Users/domenicoamelino/dev/gcc-arm-none-eabi-4_8-2014q1/bin/../lib/gcc/arm-none-eabi/4.8.3/../../../../arm-none-eabi/lib/armv7-m/libnosys.a(read.o)
                                         0x24 (size before relaxing)

.stabstr        0x0000000000000000      0x117
 *(.stabstr)
 .stabstr       0x0000000000000000      0x117 /Users/domenicoamelino/dev/gcc-arm-none-eabi-4_8-2014q1/bin/../lib/gcc/arm-none-eabi/4.8.3/../../../../arm-none-eabi/lib/armv7-m/libnosys.a(close.o)

.stab.excl
 *(.stab.excl)

.stab.exclstr
 *(.stab.exclstr)

.stab.index
 *(.stab.index)

.stab.indexstr
 *(.stab.indexstr)

.comment        0x0000000000000000       0x70
 *(.comment)
 .comment       0x0000000000000000       0x70 ./src/iNemo_Led/iNemoLed.o
                                         0x71 (size before relaxing)
 .comment       0x0000000000000000       0x71 ./src/iNEMO_M1_SensorDrivers/Source/src/iNEMO_I2C_Driver.o
 .comment       0x0000000000000000       0x71 ./src/iNEMO_M1_SensorDrivers/Source/src/iNemo_SPI_Driver.o
 .comment       0x0000000000000000       0x71 ./src/iNEMO_AHRS_v121/src/iNEMO_AHRS.o
 .comment       0x0000000000000000       0x71 ./src/iNEMO_AHRS_v121/src/iNEMO_AHRS_MemMan_1.o
 .comment       0x0000000000000000       0x71 ./src/iNEMO_AHRS_v121/src/iNEMO_EKF.o
 .comment       0x0000000000000000       0x71 ./src/iNEMO_AHRS_v121/src/iNEMO_math.o
 .comment       0x0000000000000000       0x71 ./src/STM32_USB-FS-Device_Lib/Source/Libraries/STM32_USB-FS-Device_Driver/src/usb_core.o
 .comment       0x0000000000000000       0x71 ./src/STM32_USB-FS-Device_Lib/Source/Libraries/STM32_USB-FS-Device_Driver/src/usb_init.o
 .comment       0x0000000000000000       0x71 ./src/STM32_USB-FS-Device_Lib/Source/Libraries/STM32_USB-FS-Device_Driver/src/usb_int.o
 .comment       0x0000000000000000       0x71 ./src/STM32_USB-FS-Device_Lib/Source/Libraries/STM32_USB-FS-Device_Driver/src/usb_mem.o
 .comment       0x0000000000000000       0x71 ./src/STM32_USB-FS-Device_Lib/Source/Libraries/STM32_USB-FS-Device_Driver/src/usb_regs.o
 .comment       0x0000000000000000       0x71 ./src/STM32_USB-FS-Device_Lib/Source/Libraries/STM32_USB-FS-Device_Driver/src/usb_sil.o
 .comment       0x0000000000000000       0x71 ./src/STM32F1_VirtualCom/Source/src/STM32F1_VC_Desc.o
 .comment       0x0000000000000000       0x71 ./src/STM32F1_VirtualCom/Source/src/STM32F1_VC_Endp.o
 .comment       0x0000000000000000       0x71 ./src/STM32F1_VirtualCom/Source/src/STM32F1_VC_General.o
 .comment       0x0000000000000000       0x71 ./src/STM32F1_VirtualCom/Source/src/STM32F1_VC_Istr.o
 .comment       0x0000000000000000       0x71 ./src/STM32F1_VirtualCom/Source/src/STM32F1_VC_Prop.o
 .comment       0x0000000000000000       0x71 ./src/STM32F1_VirtualCom/Source/src/STM32F1_VC_Pwr.o
 .comment       0x0000000000000000       0x71 ./src/LSM303DLHC/src/LSM303DLHC.o
 .comment       0x0000000000000000       0x71 ./src/L3Gx/src/L3Gx.o
 .comment       0x0000000000000000       0x71 ./src/iNEMO_Button.o
 .comment       0x0000000000000000       0x71 ./src/main.o
 .comment       0x0000000000000000       0x71 ./src/stm32f10x_it.o
 .comment       0x0000000000000000       0x71 ./src/tiny_printf.o
 .comment       0x0000000000000000       0x71 ./src/tm_inemo_nrf24l01.o
 .comment       0x0000000000000000       0x71 ./src/tm_inemo_spi.o
 .comment       0x0000000000000000       0x71 ./libs/misc/src/_sbrk.o
 .comment       0x0000000000000000       0x71 ./libs/misc/src/_write.o
 .comment       0x0000000000000000       0x71 ./libs/misc/src/trace_impl.o
 .comment       0x0000000000000000       0x71 ./libs/StdPeriph/src/misc.o
 .comment       0x0000000000000000       0x71 ./libs/StdPeriph/src/stm32f10x_dma.o
 .comment       0x0000000000000000       0x71 ./libs/StdPeriph/src/stm32f10x_exti.o
 .comment       0x0000000000000000       0x71 ./libs/StdPeriph/src/stm32f10x_gpio.o
 .comment       0x0000000000000000       0x71 ./libs/StdPeriph/src/stm32f10x_i2c.o
 .comment       0x0000000000000000       0x71 ./libs/StdPeriph/src/stm32f10x_rcc.o
 .comment       0x0000000000000000       0x71 ./libs/StdPeriph/src/stm32f10x_spi.o
 .comment       0x0000000000000000       0x71 ./libs/StdPeriph/src/stm32f10x_tim.o
 .comment       0x0000000000000000       0x71 ./libs/CMSIS/src/startup_cm.o
 .comment       0x0000000000000000       0x71 ./libs/CMSIS/src/startup_stm32f10x.o
 .comment       0x0000000000000000       0x71 ./libs/CMSIS/src/system_stm32f10x.o
 .comment       0x0000000000000000       0x71 ./libs/CMSIS/src/vectors_stm32f10x.o

.ARM.attributes
                0x0000000000000000       0x31
 .ARM.attributes
                0x0000000000000000       0x33 ./src/iNemo_Led/iNemoLed.o
 .ARM.attributes
                0x0000000000000033       0x33 ./src/iNEMO_M1_SensorDrivers/Source/src/iNEMO_I2C_Driver.o
 .ARM.attributes
                0x0000000000000066       0x33 ./src/iNEMO_M1_SensorDrivers/Source/src/iNemo_SPI_Driver.o
 .ARM.attributes
                0x0000000000000099       0x33 ./src/iNEMO_AHRS_v121/src/iNEMO_AHRS.o
 .ARM.attributes
                0x00000000000000cc       0x33 ./src/iNEMO_AHRS_v121/src/iNEMO_AHRS_MemMan_1.o
 .ARM.attributes
                0x00000000000000ff       0x33 ./src/iNEMO_AHRS_v121/src/iNEMO_EKF.o
 .ARM.attributes
                0x0000000000000132       0x33 ./src/iNEMO_AHRS_v121/src/iNEMO_math.o
 .ARM.attributes
                0x0000000000000165       0x33 ./src/STM32_USB-FS-Device_Lib/Source/Libraries/STM32_USB-FS-Device_Driver/src/usb_core.o
 .ARM.attributes
                0x0000000000000198       0x33 ./src/STM32_USB-FS-Device_Lib/Source/Libraries/STM32_USB-FS-Device_Driver/src/usb_init.o
 .ARM.attributes
                0x00000000000001cb       0x33 ./src/STM32_USB-FS-Device_Lib/Source/Libraries/STM32_USB-FS-Device_Driver/src/usb_int.o
 .ARM.attributes
                0x00000000000001fe       0x33 ./src/STM32_USB-FS-Device_Lib/Source/Libraries/STM32_USB-FS-Device_Driver/src/usb_mem.o
 .ARM.attributes
                0x0000000000000231       0x33 ./src/STM32_USB-FS-Device_Lib/Source/Libraries/STM32_USB-FS-Device_Driver/src/usb_regs.o
 .ARM.attributes
                0x0000000000000264       0x33 ./src/STM32_USB-FS-Device_Lib/Source/Libraries/STM32_USB-FS-Device_Driver/src/usb_sil.o
 .ARM.attributes
                0x0000000000000297       0x33 ./src/STM32F1_VirtualCom/Source/src/STM32F1_VC_Desc.o
 .ARM.attributes
                0x00000000000002ca       0x33 ./src/STM32F1_VirtualCom/Source/src/STM32F1_VC_Endp.o
 .ARM.attributes
                0x00000000000002fd       0x33 ./src/STM32F1_VirtualCom/Source/src/STM32F1_VC_General.o
 .ARM.attributes
                0x0000000000000330       0x33 ./src/STM32F1_VirtualCom/Source/src/STM32F1_VC_Istr.o
 .ARM.attributes
                0x0000000000000363       0x33 ./src/STM32F1_VirtualCom/Source/src/STM32F1_VC_Prop.o
 .ARM.attributes
                0x0000000000000396       0x33 ./src/STM32F1_VirtualCom/Source/src/STM32F1_VC_Pwr.o
 .ARM.attributes
                0x00000000000003c9       0x33 ./src/LSM303DLHC/src/LSM303DLHC.o
 .ARM.attributes
                0x00000000000003fc       0x33 ./src/L3Gx/src/L3Gx.o
 .ARM.attributes
                0x000000000000042f       0x33 ./src/iNEMO_Button.o
 .ARM.attributes
                0x0000000000000462       0x33 ./src/main.o
 .ARM.attributes
                0x0000000000000495       0x33 ./src/stm32f10x_it.o
 .ARM.attributes
                0x00000000000004c8       0x33 ./src/tiny_printf.o
 .ARM.attributes
                0x00000000000004fb       0x33 ./src/tm_inemo_nrf24l01.o
 .ARM.attributes
                0x000000000000052e       0x33 ./src/tm_inemo_spi.o
 .ARM.attributes
                0x0000000000000561       0x33 ./libs/misc/src/_sbrk.o
 .ARM.attributes
                0x0000000000000594       0x33 ./libs/misc/src/_write.o
 .ARM.attributes
                0x00000000000005c7       0x33 ./libs/misc/src/trace_impl.o
 .ARM.attributes
                0x00000000000005fa       0x33 ./libs/StdPeriph/src/misc.o
 .ARM.attributes
                0x000000000000062d       0x33 ./libs/StdPeriph/src/stm32f10x_dma.o
 .ARM.attributes
                0x0000000000000660       0x33 ./libs/StdPeriph/src/stm32f10x_exti.o
 .ARM.attributes
                0x0000000000000693       0x33 ./libs/StdPeriph/src/stm32f10x_gpio.o
 .ARM.attributes
                0x00000000000006c6       0x33 ./libs/StdPeriph/src/stm32f10x_i2c.o
 .ARM.attributes
                0x00000000000006f9       0x33 ./libs/StdPeriph/src/stm32f10x_rcc.o
 .ARM.attributes
                0x000000000000072c       0x33 ./libs/StdPeriph/src/stm32f10x_spi.o
 .ARM.attributes
                0x000000000000075f       0x33 ./libs/StdPeriph/src/stm32f10x_tim.o
 .ARM.attributes
                0x0000000000000792       0x33 ./libs/CMSIS/src/startup_cm.o
 .ARM.attributes
                0x00000000000007c5       0x33 ./libs/CMSIS/src/startup_stm32f10x.o
 .ARM.attributes
                0x00000000000007f8       0x33 ./libs/CMSIS/src/system_stm32f10x.o
 .ARM.attributes